Component: ARM Compiler 5.06 update 6 (build 750) Tool: armlink [4d35ed]

==============================================================================

Section Cross References

    startup_stm32f103xb.o(RESET) refers to startup_stm32f103xb.o(STACK) for __initial_sp
    startup_stm32f103xb.o(RESET) refers to startup_stm32f103xb.o(.text) for Reset_Handler
    startup_stm32f103xb.o(RESET) refers to stm32f1xx_it.o(i.NMI_Handler) for NMI_Handler
    startup_stm32f103xb.o(RESET) refers to stm32f1xx_it.o(i.HardFault_Handler) for HardFault_Handler
    startup_stm32f103xb.o(RESET) refers to stm32f1xx_it.o(i.MemManage_Handler) for MemManage_Handler
    startup_stm32f103xb.o(RESET) refers to stm32f1xx_it.o(i.BusFault_Handler) for BusFault_Handler
    startup_stm32f103xb.o(RESET) refers to stm32f1xx_it.o(i.UsageFault_Handler) for UsageFault_Handler
    startup_stm32f103xb.o(RESET) refers to port.o(.emb_text) for SVC_Handler
    startup_stm32f103xb.o(RESET) refers to stm32f1xx_it.o(i.DebugMon_Handler) for DebugMon_Handler
    startup_stm32f103xb.o(RESET) refers to port.o(i.SysTick_Handler) for SysTick_Handler
    startup_stm32f103xb.o(RESET) refers to stm32f1xx_it.o(i.DMA1_Channel2_IRQHandler) for DMA1_Channel2_IRQHandler
    startup_stm32f103xb.o(RESET) refers to stm32f1xx_it.o(i.DMA1_Channel3_IRQHandler) for DMA1_Channel3_IRQHandler
    startup_stm32f103xb.o(RESET) refers to stm32f1xx_it.o(i.EXTI9_5_IRQHandler) for EXTI9_5_IRQHandler
    startup_stm32f103xb.o(RESET) refers to stm32f1xx_it.o(i.TIM1_UP_IRQHandler) for TIM1_UP_IRQHandler
    startup_stm32f103xb.o(RESET) refers to stm32f1xx_it.o(i.TIM3_IRQHandler) for TIM3_IRQHandler
    startup_stm32f103xb.o(RESET) refers to stm32f1xx_it.o(i.USART3_IRQHandler) for USART3_IRQHandler
    startup_stm32f103xb.o(.text) refers to system_stm32f1xx.o(i.SystemInit) for SystemInit
    startup_stm32f103xb.o(.text) refers to entry.o(.ARM.Collect$$$$00000000) for __main
    main.o(i.HAL_TIM_PeriodElapsedCallback) refers to stm32f1xx_hal.o(i.HAL_IncTick) for HAL_IncTick
    main.o(i.SystemClock_Config) refers to memseta.o(.text) for __aeabi_memclr4
    main.o(i.SystemClock_Config) refers to stm32f1xx_hal_rcc.o(i.HAL_RCC_OscConfig) for HAL_RCC_OscConfig
    main.o(i.SystemClock_Config) refers to stm32f1xx_hal_rcc.o(i.HAL_RCC_ClockConfig) for HAL_RCC_ClockConfig
    main.o(i.fgetc) refers to stm32f1xx_hal_uart.o(i.HAL_UART_Receive) for HAL_UART_Receive
    main.o(i.fgetc) refers to usart.o(.bss) for huart3
    main.o(i.main) refers to stm32f1xx_hal.o(i.HAL_Init) for HAL_Init
    main.o(i.main) refers to main.o(i.SystemClock_Config) for SystemClock_Config
    main.o(i.main) refers to gpio.o(i.MX_GPIO_Init) for MX_GPIO_Init
    main.o(i.main) refers to dma.o(i.MX_DMA_Init) for MX_DMA_Init
    main.o(i.main) refers to tim.o(i.MX_TIM3_Init) for MX_TIM3_Init
    main.o(i.main) refers to tim.o(i.MX_TIM2_Init) for MX_TIM2_Init
    main.o(i.main) refers to usart.o(i.MX_USART3_UART_Init) for MX_USART3_UART_Init
    main.o(i.main) refers to tim.o(i.MX_TIM4_Init) for MX_TIM4_Init
    main.o(i.main) refers to printf8.o(i.__0printf$8) for __2printf
    main.o(i.main) refers to my_usart.o(i.User_USART_Init) for User_USART_Init
    main.o(i.main) refers to stm32f1xx_hal_uart.o(i.HAL_UART_Receive_DMA) for HAL_UART_Receive_DMA
    main.o(i.main) refers to stm32f1xx_hal_tim.o(i.HAL_TIM_PWM_Start) for HAL_TIM_PWM_Start
    main.o(i.main) refers to stm32f1xx_hal_tim.o(i.HAL_TIM_PWM_Start_IT) for HAL_TIM_PWM_Start_IT
    main.o(i.main) refers to stm32f1xx_hal_tim.o(i.HAL_TIM_Encoder_Start) for HAL_TIM_Encoder_Start
    main.o(i.main) refers to freertos.o(i.MX_FREERTOS_Init) for MX_FREERTOS_Init
    main.o(i.main) refers to cmsis_os.o(i.osKernelStart) for osKernelStart
    main.o(i.main) refers to my_usart.o(.bss) for BT_Data
    main.o(i.main) refers to usart.o(.bss) for huart3
    main.o(i.main) refers to tim.o(.bss) for htim3
    gpio.o(i.MX_GPIO_Init) refers to stm32f1xx_hal_gpio.o(i.HAL_GPIO_WritePin) for HAL_GPIO_WritePin
    gpio.o(i.MX_GPIO_Init) refers to stm32f1xx_hal_gpio.o(i.HAL_GPIO_Init) for HAL_GPIO_Init
    gpio.o(i.MX_GPIO_Init) refers to stm32f1xx_hal_cortex.o(i.HAL_NVIC_SetPriority) for HAL_NVIC_SetPriority
    gpio.o(i.MX_GPIO_Init) refers to stm32f1xx_hal_cortex.o(i.HAL_NVIC_EnableIRQ) for HAL_NVIC_EnableIRQ
    dma.o(i.MX_DMA_Init) refers to stm32f1xx_hal_cortex.o(i.HAL_NVIC_SetPriority) for HAL_NVIC_SetPriority
    dma.o(i.MX_DMA_Init) refers to stm32f1xx_hal_cortex.o(i.HAL_NVIC_EnableIRQ) for HAL_NVIC_EnableIRQ
    freertos.o(i.MX_FREERTOS_Init) refers to memcpya.o(.text) for __aeabi_memcpy4
    freertos.o(i.MX_FREERTOS_Init) refers to cmsis_os.o(i.osThreadCreate) for osThreadCreate
    freertos.o(i.MX_FREERTOS_Init) refers to freertos.o(.constdata) for .constdata
    freertos.o(i.MX_FREERTOS_Init) refers to freertos.o(.data) for .data
[...]
    .constdata                               0x08006c5c   Section        8  system_stm32f1xx.o(.constdata)
    .constdata                               0x08006c64   Section       27  inv_mpu.o(.constdata)
    .constdata                               0x08006c80   Section       12  inv_mpu.o(.constdata)
    .constdata                               0x08006c8c   Section       40  inv_mpu.o(.constdata)
    .constdata                               0x08006cb4   Section     3062  inv_mpu_dmp_motion_driver.o(.constdata)
    dmp_memory                               0x08006cb4   Data        3062  inv_mpu_dmp_motion_driver.o(.constdata)
    .constdata                               0x080078aa   Section     2072  oled.o(.constdata)
    .constdata                               0x080080c8   Section       80  asin.o(.constdata)
    pS                                       0x080080c8   Data          48  asin.o(.constdata)
    qS                                       0x080080f8   Data          32  asin.o(.constdata)
    .constdata                               0x08008118   Section      152  atan.o(.constdata)
    atanhi                                   0x08008118   Data          32  atan.o(.constdata)
    atanlo                                   0x08008138   Data          32  atan.o(.constdata)
    aTodd                                    0x08008158   Data          40  atan.o(.constdata)
    aTeven                                   0x08008180   Data          48  atan.o(.constdata)
    .constdata                               0x080081b0   Section        8  qnan.o(.constdata)
    .conststring                             0x080081b8   Section       23  freertos.o(.conststring)
    .conststring                             0x080081d0   Section       77  inv_mpu.o(.conststring)
    .data                                    0x20000000   Section        8  freertos.o(.data)
    .data                                    0x20000008   Section        1  stm32f1xx_it.o(.data)
    .data                                    0x2000000c   Section       12  stm32f1xx_hal.o(.data)
    .data                                    0x20000018   Section        4  system_stm32f1xx.o(.data)
    .data                                    0x2000001c   Section       60  tasks.o(.data)
    pxDelayedTaskList                        0x20000020   Data           4  tasks.o(.data)
    pxOverflowDelayedTaskList                0x20000024   Data           4  tasks.o(.data)
    uxDeletedTasksWaitingCleanUp             0x20000028   Data           4  tasks.o(.data)
    uxCurrentNumberOfTasks                   0x2000002c   Data           4  tasks.o(.data)
    xTickCount                               0x20000030   Data           4  tasks.o(.data)
    uxTopReadyPriority                       0x20000034   Data           4  tasks.o(.data)
    xSchedulerRunning                        0x20000038   Data           4  tasks.o(.data)
    uxPendedTicks                            0x2000003c   Data           4  tasks.o(.data)
    xYieldPending                            0x20000040   Data           4  tasks.o(.data)
    xNumOfOverflows                          0x20000044   Data           4  tasks.o(.data)
    uxTaskNumber                             0x20000048   Data           4  tasks.o(.data)
    xNextTaskUnblockTime                     0x2000004c   Data           4  tasks.o(.data)
    xIdleTaskHandle                          0x20000050   Data           4  tasks.o(.data)
    uxSchedulerSuspended                     0x20000054   Data           4  tasks.o(.data)
    .data                                    0x20000058   Section       24  heap_4.o(.data)
    pxEnd                                    0x20000058   Data           4  heap_4.o(.data)
    xFreeBytesRemaining                      0x2000005c   Data           4  heap_4.o(.data)
    xMinimumEverFreeBytesRemaining           0x20000060   Data           4  heap_4.o(.data)
    xBlockAllocatedBit                       0x20000064   Data           4  heap_4.o(.data)
    xStart                                   0x20000068   Data           8  heap_4.o(.data)
    .data                                    0x20000070   Section       12  port.o(.data)
    ucMaxSysCallPriority                     0x20000070   Data           1  port.o(.data)
    uxCriticalNesting                        0x20000074   Data           4  port.o(.data)
    ulMaxPRIGROUPValue                       0x20000078   Data           4  port.o(.data)
    .data                                    0x2000007c   Section       52  car_task.o(.data)
    .data                                    0x200000b0   Section       60  contrl.o(.data)
    Velocity                                 0x200000b8   Data           4  contrl.o(.data)
    Encoder_Least                            0x200000bc   Data           4  contrl.o(.data)
    Encoder                                  0x200000c0   Data           4  contrl.o(.data)
    Encoder_Integral                         0x200000c4   Data           4  contrl.o(.data)
    .data                                    0x200000ec   Section       53  inv_mpu.o(.data)
    st                                       0x200000ec   Data          44  inv_mpu.o(.data)
    gyro_orientation                         0x20000118   Data           9  inv_mpu.o(.data)
    .data                                    0x20000124   Section        4  stdout.o(.data)
    .data                                    0x20000128   Section        4  errno.o(.data)
    _errno                                   0x20000128   Data           4  errno.o(.data)
    .bss                                     0x2000012c   Section      596  freertos.o(.bss)
    xIdleTaskTCBBuffer                       0x2000012c   Data          84  freertos.o(.bss)
    xIdleStack                               0x20000180   Data         512  freertos.o(.bss)
    .bss                                     0x20000380   Section      216  tim.o(.bss)
    .bss                                     0x20000458   Section      204  usart.o(.bss)
    .bss                                     0x20000524   Section       72  stm32f1xx_hal_timebase_tim.o(.bss)
    .bss                                     0x2000056c   Section      240  tasks.o(.bss)
    pxReadyTasksLists                        0x2000056c   Data         140  tasks.o(.bss)
    xDelayedTaskList1                        0x200005f8   Data          20  tasks.o(.bss)
    xDelayedTaskList2                        0x2000060c   Data          20  tasks.o(.bss)
    xPendingReadyList                        0x20000620   Data          20  tasks.o(.bss)
    xTasksWaitingTermination                 0x20000634   Data          20  tasks.o(.bss)
    xSuspendedTaskList                       0x20000648   Data          20  tasks.o(.bss)
    .bss                                     0x2000065c   Section    10000  heap_4.o(.bss)
    ucHeap                                   0x2000065c   Data       10000  heap_4.o(.bss)
    .bss                                     0x20002d6c   Section       24  car_task.o(.bss)
    .bss                                     0x20002d84   Section       80  my_usart.o(.bss)
    .bss                                     0x20002dd4   Section       16  inv_mpu_dmp_motion_driver.o(.bss)
    dmp                                      0x20002dd4   Data          16  inv_mpu_dmp_motion_driver.o(.bss)
    STACK                                    0x20002de8   Section     1024  startup_stm32f103xb.o(STACK)

    Global Symbols

    Symbol Name                              Value     Ov Type        Size  Object(Section)

    BuildAttributes$$THM_ISAv4$P$D$K$B$S$PE$A:L22UL41UL21$X:L11$S22US41US21$IEEE1$IW$USESV6$~STKCKD$USESV7$~SHL$OTIME$ROPI$IEEEX$EBA8$MICROLIB$REQ8$PRES8$EABIv2 0x00000000   Number         0  anon$$obj.o ABSOLUTE
    __ARM_use_no_argv                        0x00000000   Number         0  main.o ABSOLUTE
    _printf_a                                0x00000000   Number         0  stubs.o ABSOLUTE
    _printf_c                                0x00000000   Number         0  stubs.o ABSOLUTE
    _printf_charcount                        0x00000000   Number         0  stubs.o ABSOLUTE
    _printf_d                                0x00000000   Number         0  stubs.o ABSOLUTE
    _printf_e                                0x00000000   Number         0  stubs.o ABSOLUTE
    _printf_f                                0x00000000   Number         0  stubs.o ABSOLUTE
    _printf_flags                            0x00000000   Number         0  stubs.o ABSOLUTE
    _printf_fp_dec                           0x00000000   Number         0  stubs.o ABSOLUTE
    _printf_fp_hex                           0x00000000   Number         0  stubs.o ABSOLUTE
    _printf_g                                0x00000000   Number         0  stubs.o ABSOLUTE
    _printf_i                                0x00000000   Number         0  stubs.o ABSOLUTE
    _printf_int_dec                          0x00000000   Number         0  stubs.o ABSOLUTE
    _printf_l                                0x00000000   Number         0  stubs.o ABSOLUTE
    _printf_lc                               0x00000000   Number         0  stubs.o ABSOLUTE
    _printf_ll                               0x00000000   Number         0  stubs.o ABSOLUTE
    _printf_lld                              0x00000000   Number         0  stubs.o ABSOLUTE
    _printf_lli                              0x00000000   Number         0  stubs.o ABSOLUTE
    _printf_llo                              0x00000000   Number         0  stubs.o ABSOLUTE
    _printf_llu                              0x00000000   Number         0  stubs.o ABSOLUTE
    _printf_llx                              0x00000000   Number         0  stubs.o ABSOLUTE
    _printf_longlong_dec                     0x00000000   Number         0  stubs.o ABSOLUTE
    _printf_longlong_hex                     0x00000000   Number         0  stubs.o ABSOLUTE
    _printf_longlong_oct                     0x00000000   Number         0  stubs.o ABSOLUTE
    _printf_ls                               0x00000000   Number         0  stubs.o ABSOLUTE
    _printf_mbtowc                           0x00000000   Number         0  stubs.o ABSOLUTE
    _printf_n                                0x00000000   Number         0  stubs.o ABSOLUTE
    _printf_o                                0x00000000   Number         0  stubs.o ABSOLUTE
    _printf_p                                0x00000000   Number         0  stubs.o ABSOLUTE
    _printf_percent                          0x00000000   Number         0  stubs.o ABSOLUTE
    _printf_pre_padding                      0x00000000   Number         0  stubs.o ABSOLUTE
    _printf_return_value                     0x00000000   Number         0  stubs.o ABSOLUTE
    _printf_s                                0x00000000   Number         0  stubs.o ABSOLUTE
    _printf_sizespec                         0x00000000   Number         0  stubs.o ABSOLUTE
    _printf_str                              0x00000000   Number         0  stubs.o ABSOLUTE
    _printf_truncate_signed                  0x00000000   Number         0  stubs.o ABSOLUTE
    _printf_truncate_unsigned                0x00000000   Number         0  stubs.o ABSOLUTE
    _printf_u                                0x00000000   Number         0  stubs.o ABSOLUTE
    _printf_wc                               0x00000000   Number         0  stubs.o ABSOLUTE
    _printf_wctomb                           0x00000000   Number         0  stubs.o ABSOLUTE
    _printf_widthprec                        0x00000000   Number         0  stubs.o ABSOLUTE
    _printf_x                                0x00000000   Number         0  stubs.o ABSOLUTE
    __cpp_initialize__aeabi_                  - Undefined Weak Reference
    __cxa_finalize                            - Undefined Weak Reference
    _clock_init                               - Undefined Weak Reference
    _microlib_exit                            - Undefined Weak Reference
    __Vectors_Size                           0x000000ec   Number         0  startup_stm32f103xb.o ABSOLUTE
    __Vectors                                0x08000000   Data           4  startup_stm32f103xb.o(RESET)
    __Vectors_End                            0x080000ec   Data           0  startup_stm32f103xb.o(RESET)
    __main                                   0x080000ed   Thumb Code     0  entry.o(.ARM.Collect$$$$00000000)
    _main_stk                                0x080000ed   Thumb Code     0  entry2.o(.ARM.Collect$$$$00000001)
    _main_scatterload                        0x080000f1   Thumb Code     0  entry5.o(.ARM.Collect$$$$00000004)
    __main_after_scatterload                 0x080000f5   Thumb Code     0  entry5.o(.ARM.Collect$$$$00000004)
    _main_clock                              0x080000f5   Thumb Code     0  entry7b.o(.ARM.Collect$$$$00000008)
    _main_cpp_init                           0x080000f5   Thumb Code     0  entry8b.o(.ARM.Collect$$$$0000000A)
    _main_init                               0x080000f5   Thumb Code     0  entry9a.o(.ARM.Collect$$$$0000000B)
    __rt_final_cpp                           0x080000fd   Thumb Code     0  entry10a.o(.ARM.Collect$$$$0000000D)
    __rt_final_exit                          0x080000fd   Thumb Code     0  entry11a.o(.ARM.Collect$$$$0000000F)
    SVC_Handler                              0x08000101   Thumb Code    32  port.o(.emb_text)
    __asm___6_port_c_39a90d8d__prvStartFirstTask 0x08000125   Thumb Code    28  port.o(.emb_text)
    PendSV_Handler                           0x08000145   Thumb Code    72  port.o(.emb_text)
    vPortGetIPSR                             0x08000191   Thumb Code     6  port.o(.emb_text)
    Reset_Handler                            0x08000199   Thumb Code     8  startup_stm32f103xb.o(.text)
    ADC1_2_IRQHandler                        0x080001b3   Thumb Code     0  startup_stm32f103xb.o(.text)
    CAN1_RX1_IRQHandler                      0x080001b3   Thumb Code     0  startup_stm32f103xb.o(.text)
    CAN1_SCE_IRQHandler                      0x080001b3   Thumb Code     0  startup_stm32f103xb.o(.text)
    DMA1_Channel1_IRQHandler                 0x080001b3   Thumb Code     0  startup_stm32f103xb.o(.text)
    DMA1_Channel4_IRQHandler                 0x080001b3   Thumb Code     0  startup_stm32f103xb.o(.text)
    DMA1_Channel5_IRQHandler                 0x080001b3   Thumb Code     0  startup_stm32f103xb.o(.text)
    DMA1_Channel6_IRQHandler                 0x080001b3   Thumb Code     0  startup_stm32f103xb.o(.text)
    DMA1_Channel7_IRQHandler                 0x080001b3   Thumb Code     0  startup_stm32f103xb.o(.text)
    EXTI0_IRQHandler                         0x080001b3   Thumb Code     0  startup_stm32f103xb.o(.text)
    EXTI15_10_IRQHandler                     0x080001b3   Thumb Code     0  startup_stm32f103xb.o(.text)
    EXTI1_IRQHandler                         0x080001b3   Thumb Code     0  startup_stm32f103xb.o(.text)
    EXTI2_IRQHandler                         0x080001b3   Thumb Code     0  startup_stm32f103xb.o(.text)
    EXTI3_IRQHandler                         0x080001b3   Thumb Code     0  startup_stm32f103xb.o(.text)
    EXTI4_IRQHandler                         0x080001b3   Thumb Code     0  startup_stm32f103xb.o(.text)
    FLASH_IRQHandler                         0x080001b3   Thumb Code     0  startup_stm32f103xb.o(.text)
    I2C1_ER_IRQHandler                       0x080001b3   Thumb Code     0  startup_stm32f103xb.o(.text)
    I2C1_EV_IRQHandler                       0x080001b3   Thumb Code     0  startup_stm32f103xb.o(.text)
    I2C2_ER_IRQHandler                       0x080001b3   Thumb Code     0  startup_stm32f103xb.o(.text)
    I2C2_EV_IRQHandler                       0x080001b3   Thumb Code     0  startup_stm32f103xb.o(.text)
    PVD_IRQHandler                           0x080001b3   Thumb Code     0  startup_stm32f103xb.o(.text)
    RCC_IRQHandler                           0x080001b3   Thumb Code     0  startup_stm32f103xb.o(.text)
    RTC_Alarm_IRQHandler                     0x080001b3   Thumb Code     0  startup_stm32f103xb.o(.text)
    RTC_IRQHandler                           0x080001b3   Thumb Code     0  startup_stm32f103xb.o(.text)
    SPI1_IRQHandler                          0x080001b3   Thumb Code     0  startup_stm32f103xb.o(.text)
    SPI2_IRQHandler                          0x080001b3   Thumb Code     0  startup_stm32f103xb.o(.text)
    TAMPER_IRQHandler                        0x080001b3   Thumb Code     0  startup_stm32f103xb.o(.text)
    TIM1_BRK_IRQHandler                      0x080001b3   Thumb Code     0  startup_stm32f103xb.o(.text)
    TIM1_CC_IRQHandler                       0x080001b3   Thumb Code     0  startup_stm32f103xb.o(.text)
    TIM1_TRG_COM_IRQHandler                  0x080001b3   Thumb Code     0  startup_stm32f103xb.o(.text)
    TIM2_IRQHandler                          0x080001b3   Thumb Code     0  startup_stm32f103xb.o(.text)
    TIM4_IRQHandler                          0x080001b3   Thumb Code     0  startup_stm32f103xb.o(.text)
    USART1_IRQHandler                        0x080001b3   Thumb Code     0  startup_stm32f103xb.o(.text)
    USART2_IRQHandler                        0x080001b3   Thumb Code     0  startup_stm32f103xb.o(.text)
    USBWakeUp_IRQHandler                     0x080001b3   Thumb Code     0  startup_stm32f103xb.o(.text)
    USB_HP_CAN1_TX_IRQHandler                0x080001b3   Thumb Code     0  startup_stm32f103xb.o(.text)
    USB_LP_CAN1_RX0_IRQHandler               0x080001b3   Thumb Code     0  startup_stm32f103xb.o(.text)
    WWDG_IRQHandler                          0x080001b3   Thumb Code     0  startup_stm32f103xb.o(.text)
    __aeabi_ldivmod                          0x080001bd   Thumb Code    98  ldiv.o(.text)
    __aeabi_llsr                             0x0800021f   Thumb Code    32  llushr.o(.text)
    _ll_ushift_r                             0x0800021f   Thumb Code     0  llushr.o(.text)
    __aeabi_memcpy                           0x0800023f   Thumb Code    36  memcpya.o(.text)
    __aeabi_memcpy4                          0x0800023f   Thumb Code     0  memcpya.o(.text)
    __aeabi_memcpy8                          0x0800023f   Thumb Code     0  memcpya.o(.text)
    __aeabi_memset                           0x08000263   Thumb Code    14  memseta.o(.text)
    __aeabi_memset4                          0x08000263   Thumb Code     0  memseta.o(.text)
    __aeabi_memset8                          0x08000263   Thumb Code     0  memseta.o(.text)
    __aeabi_memclr                           0x08000271   Thumb Code     4  memseta.o(.text)
    __aeabi_memclr4                          0x08000271   Thumb Code     0  memseta.o(.text)
    __aeabi_memclr8                          0x08000271   Thumb Code     0  memseta.o(.text)
    memset                                   0x08000275   Thumb Code    18  memseta.o(.text)
    memcmp                                   0x08000287   Thumb Code    26  memcmp.o(.text)
    __aeabi_fadd                             0x080002a1   Thumb Code   164  fadd.o(.text)
    __aeabi_fsub                             0x08000345   Thumb Code     6  fadd.o(.text)
    __aeabi_frsub                            0x0800034b   Thumb Code     6  fadd.o(.text)
    __aeabi_fmul                             0x08000351   Thumb Code   100  fmul.o(.text)
    __aeabi_fdiv                             0x080003b5   Thumb Code   124  fdiv.o(.text)
    __ARM_scalbnf                            0x08000431   Thumb Code    24  fscalb.o(.text)
    scalbnf                                  0x08000431   Thumb Code     0  fscalb.o(.text)
    __aeabi_dadd                             0x08000449   Thumb Code   322  dadd.o(.text)
    __aeabi_dsub                             0x0800058b   Thumb Code     6  dadd.o(.text)
    __aeabi_drsub                            0x08000591   Thumb Code     6  dadd.o(.text)
    __aeabi_dmul                             0x08000597   Thumb Code   228  dmul.o(.text)
    __aeabi_ddiv                             0x0800067b   Thumb Code   222  ddiv.o(.text)
    __ARM_scalbn                             0x08000759   Thumb Code    46  dscalb.o(.text)
    scalbn                                   0x08000759   Thumb Code     0  dscalb.o(.text)
    __aeabi_i2f                              0x08000787   Thumb Code    18  fflti.o(.text)
    __aeabi_ui2f                             0x08000799   Thumb Code    10  ffltui.o(.text)
    __aeabi_i2d                              0x080007a3   Thumb Code    34  dflti.o(.text)
    __aeabi_f2iz                             0x080007c5   Thumb Code    50  ffixi.o(.text)
    __aeabi_f2uiz                            0x080007f7   Thumb Code    40  ffixui.o(.text)
    __aeabi_d2iz                             0x0800081f   Thumb Code    62  dfixi.o(.text)
    __aeabi_d2uiz                            0x0800085d   Thumb Code    50  dfixui.o(.text)
    __aeabi_f2d                              0x0800088f   Thumb Code    38  f2d.o(.text)
    __aeabi_d2f                              0x080008b5   Thumb Code    56  d2f.o(.text)
    __aeabi_uldivmod                         0x080008ed   Thumb Code    98  uldiv.o(.text)
    __aeabi_llsl                             0x0800094f   Thumb Code    30  llshl.o(.text)
    _ll_shift_l                              0x0800094f   Thumb Code     0  llshl.o(.text)
    __aeabi_lasr                             0x0800096d   Thumb Code    36  llsshr.o(.text)
    _ll_sshift_r                             0x0800096d   Thumb Code     0  llsshr.o(.text)
    __I$use$fp                               0x08000991   Thumb Code     0  iusefp.o(.text)
    _float_round                             0x08000991   Thumb Code    18  fepilogue.o(.text)
    _float_epilogue                          0x080009a3   Thumb Code    92  fepilogue.o(.text)
    _double_round                            0x080009ff   Thumb Code    30  depilogue.o(.text)
    _double_epilogue                         0x08000a1d   Thumb Code   156  depilogue.o(.text)
    __scatterload                            0x08000ab9   Thumb Code    28  init.o(.text)
    __scatterload_rt2                        0x08000ab9   Thumb Code     0  init.o(.text)
    _dsqrt                                   0x08000add   Thumb Code   162  dsqrt.o(.text)
    __decompress                             0x08000b7f   Thumb Code     0  __dczerorl2.o(.text)
    __decompress1                            0x08000b7f   Thumb Code    86  __dczerorl2.o(.text)
    BTData_Process                           0x08000bd5   Thumb Code    44  my_usart.o(i.BTData_Process)
    BusFault_Handler                         0x08000c05   Thumb Code     2  stm32f1xx_it.o(i.BusFault_Handler)
    Car_Task_100HZ                           0x08000c09   Thumb Code   218  car_task.o(i.Car_Task_100HZ)
    Car_Task_200HZ                           0x08000cfd   Thumb Code    10  car_task.o(i.Car_Task_200HZ)
    DMA1_Channel2_IRQHandler                 0x08000d0d   Thumb Code     6  stm32f1xx_it.o(i.DMA1_Channel2_IRQHandler)
    DMA1_Channel3_IRQHandler                 0x08000d19   Thumb Code     6  stm32f1xx_it.o(i.DMA1_Channel3_IRQHandler)
    DebugMon_Handler                         0x08000d4f   Thumb Code     2  stm32f1xx_it.o(i.DebugMon_Handler)
    EXTI9_5_IRQHandler                       0x08000d51   Thumb Code     8  stm32f1xx_it.o(i.EXTI9_5_IRQHandler)
    Error_Handler                            0x08000d59   Thumb Code     2  main.o(i.Error_Handler)
    HAL_DMA_Abort                            0x08000d5b   Thumb Code    70  stm32f1xx_hal_dma.o(i.HAL_DMA_Abort)
    HAL_DMA_Abort_IT                         0x08000da1   Thumb Code   148  stm32f1xx_hal_dma.o(i.HAL_DMA_Abort_IT)
    HAL_DMA_IRQHandler                       0x08000e39   Thumb Code   316  stm32f1xx_hal_dma.o(i.HAL_DMA_IRQHandler)
    HAL_DMA_Init                             0x08000f8d   Thumb Code    84  stm32f1xx_hal_dma.o(i.HAL_DMA_Init)
    HAL_DMA_Start_IT                         0x08000fe9   Thumb Code   112  stm32f1xx_hal_dma.o(i.HAL_DMA_Start_IT)
    HAL_Delay                                0x08001059   Thumb Code    32  stm32f1xx_hal.o(i.HAL_Delay)
    HAL_GPIO_EXTI_Callback                   0x0800107d   Thumb Code    22  stm32f1xx_it.o(i.HAL_GPIO_EXTI_Callback)
    HAL_GPIO_EXTI_IRQHandler                 0x08001099   Thumb Code    18  stm32f1xx_hal_gpio.o(i.HAL_GPIO_EXTI_IRQHandler)
    HAL_GPIO_Init                            0x080010b1   Thumb Code   446  stm32f1xx_hal_gpio.o(i.HAL_GPIO_Init)
    HAL_GPIO_ReadPin                         0x08001291   Thumb Code    10  stm32f1xx_hal_gpio.o(i.HAL_GPIO_ReadPin)
    HAL_GPIO_WritePin                        0x0800129b   Thumb Code    10  stm32f1xx_hal_gpio.o(i.HAL_GPIO_WritePin)
    HAL_GetTick                              0x080012a5   Thumb Code     6  stm32f1xx_hal.o(i.HAL_GetTick)
    HAL_IncTick                              0x080012b1   Thumb Code    12  stm32f1xx_hal.o(i.HAL_IncTick)
    HAL_Init                                 0x080012c1   Thumb Code    32  stm32f1xx_hal.o(i.HAL_Init)
    HAL_InitTick                             0x080012e5   Thumb Code    98  stm32f1xx_hal_timebase_tim.o(i.HAL_InitTick)
    HAL_MspInit                              0x08001359   Thumb Code    62  stm32f1xx_hal_msp.o(i.HAL_MspInit)
    HAL_NVIC_EnableIRQ                       0x080013a1   Thumb Code    26  stm32f1xx_hal_cortex.o(i.HAL_NVIC_EnableIRQ)
    HAL_NVIC_SetPriority                     0x080013bd   Thumb Code    60  stm32f1xx_hal_cortex.o(i.HAL_NVIC_SetPriority)
    HAL_NVIC_SetPriorityGrouping             0x080013fd   Thumb Code    26  stm32f1xx_hal_cortex.o(i.HAL_NVIC_SetPriorityGrouping)
    HAL_RCC_ClockConfig                      0x08001421   Thumb Code   280  stm32f1xx_hal_rcc.o(i.HAL_RCC_ClockConfig)
    HAL_RCC_GetClockConfig                   0x0800154d   Thumb Code    54  stm32f1xx_hal_rcc.o(i.HAL_RCC_GetClockConfig)
    HAL_RCC_GetPCLK1Freq                     0x0800158d   Thumb Code    20  stm32f1xx_hal_rcc.o(i.HAL_RCC_GetPCLK1Freq)
    HAL_RCC_GetPCLK2Freq                     0x080015ad   Thumb Code    20  stm32f1xx_hal_rcc.o(i.HAL_RCC_GetPCLK2Freq)
    HAL_RCC_GetSysClockFreq                  0x080015cd   Thumb Code    74  stm32f1xx_hal_rcc.o(i.HAL_RCC_GetSysClockFreq)
    HAL_RCC_OscConfig                        0x08001639   Thumb Code   778  stm32f1xx_hal_rcc.o(i.HAL_RCC_OscConfig)
    HAL_TIMEx_BreakCallback                  0x08001959   Thumb Code     2  stm32f1xx_hal_tim_ex.o(i.HAL_TIMEx_BreakCallback)
    HAL_TIMEx_CommutCallback                 0x0800195b   Thumb Code     2  stm32f1xx_hal_tim_ex.o(i.HAL_TIMEx_CommutCallback)
    HAL_TIMEx_MasterConfigSynchronization    0x0800195d   Thumb Code    92  stm32f1xx_hal_tim_ex.o(i.HAL_TIMEx_MasterConfigSynchronization)
    HAL_TIM_Base_Init                        0x080019c5   Thumb Code    90  stm32f1xx_hal_tim.o(i.HAL_TIM_Base_Init)
    HAL_TIM_Base_MspInit                     0x08001a1f   Thumb Code     2  stm32f1xx_hal_tim.o(i.HAL_TIM_Base_MspInit)
    HAL_TIM_Base_Start_IT                    0x08001a21   Thumb Code    76  stm32f1xx_hal_tim.o(i.HAL_TIM_Base_Start_IT)
    HAL_TIM_Encoder_Init                     0x08001a79   Thumb Code   164  stm32f1xx_hal_tim.o(i.HAL_TIM_Encoder_Init)
    HAL_TIM_Encoder_MspInit                  0x08001b1d   Thumb Code   122  tim.o(i.HAL_TIM_Encoder_MspInit)
    HAL_TIM_Encoder_Start                    0x08001ba9   Thumb Code   142  stm32f1xx_hal_tim.o(i.HAL_TIM_Encoder_Start)
    HAL_TIM_IC_CaptureCallback               0x08001c37   Thumb Code     2  stm32f1xx_hal_tim.o(i.HAL_TIM_IC_CaptureCallback)
    HAL_TIM_IRQHandler                       0x08001c39   Thumb Code   358  stm32f1xx_hal_tim.o(i.HAL_TIM_IRQHandler)
    HAL_TIM_MspPostInit                      0x08001da1   Thumb Code    62  tim.o(i.HAL_TIM_MspPostInit)
    HAL_TIM_OC_DelayElapsedCallback          0x08001ded   Thumb Code     2  stm32f1xx_hal_tim.o(i.HAL_TIM_OC_DelayElapsedCallback)
    HAL_TIM_PWM_ConfigChannel                0x08001def   Thumb Code   198  stm32f1xx_hal_tim.o(i.HAL_TIM_PWM_ConfigChannel)
    HAL_TIM_PWM_Init                         0x08001eb5   Thumb Code    90  stm32f1xx_hal_tim.o(i.HAL_TIM_PWM_Init)
    HAL_TIM_PWM_MspInit                      0x08001f11   Thumb Code    50  tim.o(i.HAL_TIM_PWM_MspInit)
    HAL_TIM_PWM_PulseFinishedCallback        0x08001f4d   Thumb Code    22  main.o(i.HAL_TIM_PWM_PulseFinishedCallback)
    HAL_TIM_PWM_Start                        0x08001f69   Thumb Code   144  stm32f1xx_hal_tim.o(i.HAL_TIM_PWM_Start)
    HAL_TIM_PWM_Start_IT                     0x08002005   Thumb Code   184  stm32f1xx_hal_tim.o(i.HAL_TIM_PWM_Start_IT)
    HAL_TIM_PeriodElapsedCallback            0x080020c9   Thumb Code    38  main.o(i.HAL_TIM_PeriodElapsedCallback)
    HAL_TIM_TriggerCallback                  0x080020fd   Thumb Code     2  stm32f1xx_hal_tim.o(i.HAL_TIM_TriggerCallback)
    HAL_UARTEx_RxEventCallback               0x080020ff   Thumb Code     2  stm32f1xx_hal_uart.o(i.HAL_UARTEx_RxEventCallback)
    HAL_UART_DMAStop                         0x08002101   Thumb Code    88  stm32f1xx_hal_uart.o(i.HAL_UART_DMAStop)
    HAL_UART_ErrorCallback                   0x08002159   Thumb Code     2  stm32f1xx_hal_uart.o(i.HAL_UART_ErrorCallback)
    HAL_UART_IRQHandler                      0x0800215d   Thumb Code   520  stm32f1xx_hal_uart.o(i.HAL_UART_IRQHandler)
    HAL_UART_Init                            0x08002369   Thumb Code    98  stm32f1xx_hal_uart.o(i.HAL_UART_Init)
    HAL_UART_MspInit                         0x080023cd   Thumb Code   198  usart.o(i.HAL_UART_MspInit)
    HAL_UART_Receive_DMA                     0x080024a9   Thumb Code    42  stm32f1xx_hal_uart.o(i.HAL_UART_Receive_DMA)
    HAL_UART_RxCpltCallback                  0x080024d3   Thumb Code     2  stm32f1xx_hal_uart.o(i.HAL_UART_RxCpltCallback)
    HAL_UART_RxHalfCpltCallback              0x080024d5   Thumb Code     2  stm32f1xx_hal_uart.o(i.HAL_UART_RxHalfCpltCallback)
    HAL_UART_TxCpltCallback                  0x080024d7   Thumb Code     2  stm32f1xx_hal_uart.o(i.HAL_UART_TxCpltCallback)
    HardFault_Handler                        0x080024d9   Thumb Code     2  stm32f1xx_it.o(i.HardFault_Handler)
    IIC_Ack                                  0x080024dd   Thumb Code    66  iic.o(i.IIC_Ack)
    IIC_GPIO_Init                            0x08002531   Thumb Code    52  iic.o(i.IIC_GPIO_Init)
    IIC_NAck                                 0x0800256d   Thumb Code    52  iic.o(i.IIC_NAck)
    IIC_Read_Byte                            0x080025a5   Thumb Code    96  iic.o(i.IIC_Read_Byte)
    IIC_Send_Byte                            0x08002609   Thumb Code    98  iic.o(i.IIC_Send_Byte)
    IIC_Start                                0x08002671   Thumb Code    64  iic.o(i.IIC_Start)
    IIC_Stop                                 0x080026b5   Thumb Code    46  iic.o(i.IIC_Stop)
    IIC_Wait_Ack                             0x080026e9   Thumb Code    70  iic.o(i.IIC_Wait_Ack)
    MPU_Read_Len                             0x08002735   Thumb Code   108  mpu6050.o(i.MPU_Read_Len)
    MPU_Write_Len                            0x080027a1   Thumb Code    82  mpu6050.o(i.MPU_Write_Len)
    MX_DMA_Init                              0x080027f5   Thumb Code    56  dma.o(i.MX_DMA_Init)
    MX_FREERTOS_Init                         0x08002831   Thumb Code    52  freertos.o(i.MX_FREERTOS_Init)
    MX_GPIO_Init                             0x0800286d   Thumb Code   256  gpio.o(i.MX_GPIO_Init)
    MX_TIM2_Init                             0x08002981   Thumb Code   100  tim.o(i.MX_TIM2_Init)
    MX_TIM3_Init                             0x080029e9   Thumb Code   150  tim.o(i.MX_TIM3_Init)
    MX_TIM4_Init                             0x08002a89   Thumb Code    98  tim.o(i.MX_TIM4_Init)
    MX_USART3_UART_Init                      0x08002af5   Thumb Code    48  usart.o(i.MX_USART3_UART_Init)
    MemManage_Handler                        0x08002b2d   Thumb Code     2  stm32f1xx_it.o(i.MemManage_Handler)
    NMI_Handler                              0x08002b2f   Thumb Code     2  stm32f1xx_it.o(i.NMI_Handler)
    OLED_CLS                                 0x08002b31   Thumb Code     6  oled.o(i.OLED_CLS)
    OLED_Fill                                0x08002b39   Thumb Code    56  oled.o(i.OLED_Fill)
    OLED_Init                                0x08002b71   Thumb Code   180  oled.o(i.OLED_Init)
    OLED_SetPos                              0x08002c25   Thumb Code    38  oled.o(i.OLED_SetPos)
    OLED_ShowStr                             0x08002c4d   Thumb Code   208  oled.o(i.OLED_ShowStr)
    PWM_Limiting                             0x08002d25   Thumb Code    42  contrl.o(i.PWM_Limiting)
    Read_Encoder                             0x08002d51   Thumb Code    36  contrl.o(i.Read_Encoder)
    Set_PWM                                  0x08002d79   Thumb Code   192  contrl.o(i.Set_PWM)
    StartTask_100HZ                          0x08002e49   Thumb Code    12  freertos.o(i.StartTask_100HZ)
    StartTask_200HZ                          0x08002e55   Thumb Code    84  freertos.o(i.StartTask_200HZ)
    SysTick_Handler                          0x08002ec9   Thumb Code    38  port.o(i.SysTick_Handler)
    SystemClock_Config                       0x08002ef5   Thumb Code    78  main.o(i.SystemClock_Config)
    SystemInit                               0x08002f43   Thumb Code     2  system_stm32f1xx.o(i.SystemInit)
    TIM1_UP_IRQHandler                       0x08002f45   Thumb Code     6  stm32f1xx_it.o(i.TIM1_UP_IRQHandler)
    TIM3_IRQHandler                          0x08002f51   Thumb Code     6  stm32f1xx_it.o(i.TIM3_IRQHandler)
    TIM_Base_SetConfig                       0x08002f5d   Thumb Code    94  stm32f1xx_hal_tim.o(i.TIM_Base_SetConfig)
    TIM_CCxChannelCmd                        0x08002fc9   Thumb Code    26  stm32f1xx_hal_tim.o(i.TIM_CCxChannelCmd)
    TIM_OC2_SetConfig                        0x08003035   Thumb Code    84  stm32f1xx_hal_tim.o(i.TIM_OC2_SetConfig)
    Turn_off                                 0x08003129   Thumb Code    46  contrl.o(i.Turn_off)
    UART_Start_Receive_DMA                   0x080033e5   Thumb Code    98  stm32f1xx_hal_uart.o(i.UART_Start_Receive_DMA)
    USART3_IRQHandler                        0x08003455   Thumb Code    76  stm32f1xx_it.o(i.USART3_IRQHandler)
    UsageFault_Handler                       0x080034ad   Thumb Code     2  stm32f1xx_it.o(i.UsageFault_Handler)
    User_USART_Init                          0x080034af   Thumb Code    40  my_usart.o(i.User_USART_Init)
    Vertical_Ring_PD                         0x080034d9   Thumb Code    46  contrl.o(i.Vertical_Ring_PD)
    Vertical_speed_PI                        0x08003511   Thumb Code   178  contrl.o(i.Vertical_speed_PI)
    Vertical_turn_PD                         0x080035e1   Thumb Code    48  contrl.o(i.Vertical_turn_PD)
    WriteCmd                                 0x08003615   Thumb Code    16  oled.o(i.WriteCmd)
    WriteDat                                 0x08003625   Thumb Code    16  oled.o(i.WriteDat)
    __0printf$8                              0x08003635   Thumb Code    22  printf8.o(i.__0printf$8)
    __1printf$8                              0x08003635   Thumb Code     0  printf8.o(i.__0printf$8)
    __2printf                                0x08003635   Thumb Code     0  printf8.o(i.__0printf$8)
    __ARM_fpclassify                         0x08003655   Thumb Code    40  fpclassify.o(i.__ARM_fpclassify)
    __kernel_poly                            0x0800369d   Thumb Code   170  poly.o(i.__kernel_poly)
    __mathlib_dbl_infnan                     0x08003747   Thumb Code     6  dunder.o(i.__mathlib_dbl_infnan)
    __mathlib_dbl_infnan2                    0x0800374d   Thumb Code     4  dunder.o(i.__mathlib_dbl_infnan2)
    __mathlib_dbl_invalid                    0x08003751   Thumb Code    12  dunder.o(i.__mathlib_dbl_invalid)
    __mathlib_dbl_underflow                  0x0800375d   Thumb Code    10  dunder.o(i.__mathlib_dbl_underflow)
    __scatterload_copy                       0x0800376d   Thumb Code    14  handlers.o(i.__scatterload_copy)
    __scatterload_null                       0x0800377b   Thumb Code     2  handlers.o(i.__scatterload_null)
    __scatterload_zeroinit                   0x0800377d   Thumb Code    14  handlers.o(i.__scatterload_zeroinit)
    __set_errno                              0x0800378d   Thumb Code     6  errno.o(i.__set_errno)
    asin                                     0x08003c7d   Thumb Code   572  asin.o(i.asin)
    atan                                     0x08003eed   Thumb Code   474  atan.o(i.atan)
    atan2                                    0x0800410d   Thumb Code   346  atan2.o(i.atan2)
    diaodian                                 0x0800428d   Thumb Code    18  car_task.o(i.diaodian)
    dmp_enable_6x_lp_quat                    0x080042a9   Thumb Code    58  inv_mpu_dmp_motion_driver.o(i.dmp_enable_6x_lp_quat)
    dmp_enable_feature                       0x080042e5   Thumb Code   464  inv_mpu_dmp_motion_driver.o(i.dmp_enable_feature)
    dmp_enable_gyro_cal                      0x080044bd   Thumb Code    34  inv_mpu_dmp_motion_driver.o(i.dmp_enable_gyro_cal)
    dmp_enable_lp_quat                       0x080044f9   Thumb Code    58  inv_mpu_dmp_motion_driver.o(i.dmp_enable_lp_quat)
    dmp_load_motion_driver_firmware          0x08004535   Thumb Code    16  inv_mpu_dmp_motion_driver.o(i.dmp_load_motion_driver_firmware)
    dmp_read_fifo                            0x08004549   Thumb Code   320  inv_mpu_dmp_motion_driver.o(i.dmp_read_fifo)
    dmp_set_accel_bias                       0x0800468d   Thumb Code   210  inv_mpu_dmp_motion_driver.o(i.dmp_set_accel_bias)
    dmp_set_fifo_rate                        0x08004765   Thumb Code    82  inv_mpu_dmp_motion_driver.o(i.dmp_set_fifo_rate)
    dmp_set_gyro_bias                        0x080047c9   Thumb Code   196  inv_mpu_dmp_motion_driver.o(i.dmp_set_gyro_bias)
    dmp_set_orientation                      0x08004895   Thumb Code   246  inv_mpu_dmp_motion_driver.o(i.dmp_set_orientation)
    dmp_set_shake_reject_thresh              0x080049a1   Thumb Code    48  inv_mpu_dmp_motion_driver.o(i.dmp_set_shake_reject_thresh)
    dmp_set_shake_reject_time                0x080049d1   Thumb Code    32  inv_mpu_dmp_motion_driver.o(i.dmp_set_shake_reject_time)
    dmp_set_shake_reject_timeout             0x080049f1   Thumb Code    32  inv_mpu_dmp_motion_driver.o(i.dmp_set_shake_reject_timeout)
    dmp_set_tap_axes                         0x08004a11   Thumb Code    64  inv_mpu_dmp_motion_driver.o(i.dmp_set_tap_axes)
    dmp_set_tap_count                        0x08004a51   Thumb Code    34  inv_mpu_dmp_motion_driver.o(i.dmp_set_tap_count)
    dmp_set_tap_thresh                       0x08004a75   Thumb Code   274  inv_mpu_dmp_motion_driver.o(i.dmp_set_tap_thresh)
    dmp_set_tap_time                         0x08004b9d   Thumb Code    32  inv_mpu_dmp_motion_driver.o(i.dmp_set_tap_time)
    dmp_set_tap_time_multi                   0x08004bbd   Thumb Code    32  inv_mpu_dmp_motion_driver.o(i.dmp_set_tap_time_multi)
    fputc                                    0x08004bdd   Thumb Code    16  main.o(i.fputc)
    inv_orientation_matrix_to_scalar         0x08005085   Thumb Code    34  inv_mpu.o(i.inv_orientation_matrix_to_scalar)
    inv_row_2_scale                          0x080050a7   Thumb Code    72  inv_mpu.o(i.inv_row_2_scale)
    main                                     0x080050f1   Thumb Code   138  main.o(i.main)
    mget_ms                                  0x080051c1   Thumb Code     2  inv_mpu.o(i.mget_ms)
    mpu_configure_fifo                       0x080051c5   Thumb Code    78  inv_mpu.o(i.mpu_configure_fifo)
    mpu_dmp_get_data                         0x08005219   Thumb Code   446  inv_mpu.o(i.mpu_dmp_get_data)
    mpu_dmp_init                             0x080053e1   Thumb Code   158  inv_mpu.o(i.mpu_dmp_init)
    mpu_get_accel_fsr                        0x08005485   Thumb Code    54  inv_mpu.o(i.mpu_get_accel_fsr)
    mpu_get_accel_sens                       0x080054c1   Thumb Code    62  inv_mpu.o(i.mpu_get_accel_sens)
    mpu_get_gyro_fsr                         0x08005505   Thumb Code    48  inv_mpu.o(i.mpu_get_gyro_fsr)
    mpu_get_gyro_sens                        0x08005539   Thumb Code    44  inv_mpu.o(i.mpu_get_gyro_sens)
    mpu_get_lpf                              0x08005579   Thumb Code    52  inv_mpu.o(i.mpu_get_lpf)
    mpu_get_sample_rate                      0x080055b1   Thumb Code    22  inv_mpu.o(i.mpu_get_sample_rate)
    mpu_init                                 0x080055cd   Thumb Code   310  inv_mpu.o(i.mpu_init)
    mpu_load_firmware                        0x08005755   Thumb Code   154  inv_mpu.o(i.mpu_load_firmware)
    mpu_lp_accel_mode                        0x080057f5   Thumb Code   178  inv_mpu.o(i.mpu_lp_accel_mode)
    mpu_read_fifo_stream                     0x080058ad   Thumb Code   140  inv_mpu.o(i.mpu_read_fifo_stream)
    mpu_read_mem                             0x0800593d   Thumb Code    80  inv_mpu.o(i.mpu_read_mem)
    mpu_reset_fifo                           0x08005991   Thumb Code   346  inv_mpu.o(i.mpu_reset_fifo)
    mpu_run_self_test                        0x08005af1   Thumb Code   234  inv_mpu.o(i.mpu_run_self_test)
    mpu_set_accel_fsr                        0x08005be1   Thumb Code    98  inv_mpu.o(i.mpu_set_accel_fsr)
    mpu_set_bypass                           0x08005c49   Thumb Code   214  inv_mpu.o(i.mpu_set_bypass)
    mpu_set_dmp_state                        0x08005d25   Thumb Code   114  inv_mpu.o(i.mpu_set_dmp_state)
    mpu_set_gyro_fsr                         0x08005d9d   Thumb Code   104  inv_mpu.o(i.mpu_set_gyro_fsr)
    mpu_set_int_latched                      0x08005e09   Thumb Code    94  inv_mpu.o(i.mpu_set_int_latched)
    mpu_set_lpf                              0x08005e6d   Thumb Code   102  inv_mpu.o(i.mpu_set_lpf)
    mpu_set_sample_rate                      0x08005ed9   Thumb Code   124  inv_mpu.o(i.mpu_set_sample_rate)
    mpu_set_sensors                          0x08005f59   Thumb Code   178  inv_mpu.o(i.mpu_set_sensors)
    mpu_write_mem                            0x08006011   Thumb Code    80  inv_mpu.o(i.mpu_write_mem)
    osDelay                                  0x08006065   Thumb Code    14  cmsis_os.o(i.osDelay)
    osKernelStart                            0x08006073   Thumb Code    10  cmsis_os.o(i.osKernelStart)
    osThreadCreate                           0x0800607d   Thumb Code    84  cmsis_os.o(i.osThreadCreate)
    outner                                   0x080060d1   Thumb Code    50  car_task.o(i.outner)
    pvPortMalloc                             0x0800644d   Thumb Code   210  heap_4.o(i.pvPortMalloc)
    pxPortInitialiseStack                    0x08006525   Thumb Code    32  port.o(i.pxPortInitialiseStack)
    run_self_test                            0x08006549   Thumb Code   118  inv_mpu.o(i.run_self_test)
    sqrt                                     0x08006619   Thumb Code    76  sqrt.o(i.sqrt)
    uxListRemove                             0x08006665   Thumb Code    38  list.o(i.uxListRemove)
    vApplicationGetIdleTaskMemory            0x0800668d   Thumb Code    16  freertos.o(i.vApplicationGetIdleTaskMemory)
    vListInitialise                          0x080066a1   Thumb Code    22  list.o(i.vListInitialise)
    vListInitialiseItem                      0x080066b7   Thumb Code     6  list.o(i.vListInitialiseItem)
    vListInsert                              0x080066bd   Thumb Code    48  list.o(i.vListInsert)
    vListInsertEnd                           0x080066ed   Thumb Code    24  list.o(i.vListInsertEnd)
    vPortEnterCritical                       0x08006705   Thumb Code    54  port.o(i.vPortEnterCritical)
    vPortExitCritical                        0x08006745   Thumb Code    34  port.o(i.vPortExitCritical)
    vPortFree                                0x0800676d   Thumb Code    88  heap_4.o(i.vPortFree)
    vPortSetupTimerInterrupt                 0x080067c9   Thumb Code    32  port.o(i.vPortSetupTimerInterrupt)
    vTaskDelay                               0x080067ed   Thumb Code    66  tasks.o(i.vTaskDelay)
    vTaskStartScheduler                      0x08006839   Thumb Code    90  tasks.o(i.vTaskStartScheduler)
    vTaskSuspendAll                          0x080068a5   Thumb Code    10  tasks.o(i.vTaskSuspendAll)
    vTaskSwitchContext                       0x080068b5   Thumb Code    82  tasks.o(i.vTaskSwitchContext)
    xPortStartScheduler                      0x08006911   Thumb Code   154  port.o(i.xPortStartScheduler)
    xTaskCreate                              0x080069b9   Thumb Code    90  tasks.o(i.xTaskCreate)
    xTaskCreateStatic                        0x08006a13   Thumb Code    86  tasks.o(i.xTaskCreateStatic)
    xTaskIncrementTick                       0x08006a69   Thumb Code   192  tasks.o(i.xTaskIncrementTick)
    xTaskResumeAll                           0x08006b31   Thumb Code   182  tasks.o(i.xTaskResumeAll)
    xunji                                    0x08006bf5   Thumb Code    22  car_task.o(i.xunji)
    AHBPrescTable                            0x08006c4c   Data          16  system_stm32f1xx.o(.constdata)
    APBPrescTable                            0x08006c5c   Data           8  system_stm32f1xx.o(.constdata)
    reg                                      0x08006c64   Data          27  inv_mpu.o(.constdata)
    hw                                       0x08006c80   Data          12  inv_mpu.o(.constdata)
    test                                     0x08006c8c   Data          40  inv_mpu.o(.constdata)
    F6x8                                     0x080078aa   Data         552  oled.o(.constdata)
    F8X16                                    0x08007ad2   Data        1520  oled.o(.constdata)
    __mathlib_zero                           0x080081b0   Data           8  qnan.o(.constdata)
    Region$$Table$$Base                      0x08008220   Number         0  anon$$obj.o(Region$$Table)
    Region$$Table$$Limit                     0x08008240   Number         0  anon$$obj.o(Region$$Table)
    Task_200HZHandle                         0x20000000   Data           4  freertos.o(.data)
    Task_100HZHandle                         0x20000004   Data           4  freertos.o(.data)
    ECHO_IRQ_FLAG                            0x20000008   Data           1  stm32f1xx_it.o(.data)
    uwTickFreq                               0x2000000c   Data           1  stm32f1xx_hal.o(.data)
    uwTickPrio                               0x20000010   Data           4  stm32f1xx_hal.o(.data)
    uwTick                                   0x20000014   Data           4  stm32f1xx_hal.o(.data)
    SystemCoreClock                          0x20000018   Data           4  system_stm32f1xx.o(.data)
    pxCurrentTCB                             0x2000001c   Data           4  tasks.o(.data)
    ii                                       0x2000007c   Data           4  car_task.o(.data)
    flag                                     0x20000080   Data           4  car_task.o(.data)
    time                                     0x20000084   Data           4  car_task.o(.data)
    Movement                                 0x20000088   Data           4  car_task.o(.data)
    straight_speed                           0x2000008c   Data           4  car_task.o(.data)
    Contrl_Turn                              0x20000090   Data           4  car_task.o(.data)
    Balance_PWm                              0x20000094   Data           4  car_task.o(.data)
    Velocity_Pwm                             0x20000098   Data           4  car_task.o(.data)
    Turn_Pwm                                 0x2000009c   Data           4  car_task.o(.data)
    Encoder_left                             0x200000a0   Data           4  car_task.o(.data)
    Encoder_right                            0x200000a4   Data           4  car_task.o(.data)
    Motor1                                   0x200000a8   Data           4  car_task.o(.data)
    Motor2                                   0x200000ac   Data           4  car_task.o(.data)
    FS_state                                 0x200000b0   Data           1  contrl.o(.data)
    Dead_Zone                                0x200000b4   Data           4  contrl.o(.data)
    PID                                      0x200000c8   Data          36  contrl.o(.data)
    __stdout                                 0x20000124   Data           4  stdout.o(.data)
    htim2                                    0x20000380   Data          72  tim.o(.bss)
    htim3                                    0x200003c8   Data          72  tim.o(.bss)
    htim4                                    0x20000410   Data          72  tim.o(.bss)
    huart3                                   0x20000458   Data          68  usart.o(.bss)
    hdma_usart3_rx                           0x2000049c   Data          68  usart.o(.bss)
    hdma_usart3_tx                           0x200004e0   Data          68  usart.o(.bss)
    htim1                                    0x20000524   Data          72  stm32f1xx_hal_timebase_tim.o(.bss)
    outMpu                                   0x20002d6c   Data          24  car_task.o(.bss)
    BT_Data                                  0x20002d84   Data          80  my_usart.o(.bss)
    __initial_sp                             0x200031e8   Data           0  startup_stm32f103xb.o(STACK)



==============================================================================

Memory Map of the image

  Image Entry point : 0x080000ed

  Load Region LR_IROM1 (Base: 0x08000000, Size: 0x0000836c, Max: 0x00010000, ABSOLUTE, COMPRESSED[0x00008278])

    Execution Region ER_IROM1 (Exec base: 0x08000000, Load base: 0x08000000, Size: 0x00008240, Max: 0x00010000, ABSOLUTE)

    Exec Addr    Load Addr    Size         Type   Attr      Idx    E Section Name        Object

    0x08000000   0x08000000   0x000000ec   Data   RO            3    RESET               startup_stm32f103xb.o
    0x080000ec   0x080000ec   0x00000000   Code   RO         5441  * .ARM.Collect$$$$00000000  mc_w.l(entry.o)
    0x080000ec   0x080000ec   0x00000004   Code   RO         5790    .ARM.Collect$$$$00000001  mc_w.l(entry2.o)
    0x080000f0   0x080000f0   0x00000004   Code   RO         5793    .ARM.Collect$$$$00000004  mc_w.l(entry5.o)
    0x080000f4   0x080000f4   0x00000000   Code   RO         5795    .ARM.Collect$$$$00000008  mc_w.l(entry7b.o)
    0x080000f4   0x080000f4   0x00000000   Code   RO         5797    .ARM.Collect$$$$0000000A  mc_w.l(entry8b.o)
    0x080000f4   0x080000f4   0x00000008   Code   RO         5798    .ARM.Collect$$$$0000000B  mc_w.l(entry9a.o)
    0x080000fc   0x080000fc   0x00000000   Code   RO         5800    .ARM.Collect$$$$0000000D  mc_w.l(entry10a.o)
    0x080000fc   0x080000fc   0x00000000   Code   RO         5802    .ARM.Collect$$$$0000000F  mc_w.l(entry11a.o)
    0x080000fc   0x080000fc   0x00000004   Code   RO         5791    .ARM.Collect$$$$00002712  mc_w.l(entry2.o)
    0x08000100   0x08000100   0x00000096   Code   RO         4222    .emb_text           port.o
    0x08000196   0x08000196   0x00000002   PAD
    0x08000198   0x08000198   0x00000024   Code   RO            4    .text               startup_stm32f103xb.o
    0x080001bc   0x080001bc   0x00000062   Code   RO         5444    .text               mc_w.l(ldiv.o)
    0x0800021e   0x0800021e   0x00000020   Code   RO         5446    .text               mc_w.l(llushr.o)
    0x0800023e   0x0800023e   0x00000024   Code   RO         5448    .text               mc_w.l(memcpya.o)
    0x08000262   0x08000262   0x00000024   Code   RO         5452    .text               mc_w.l(memseta.o)
    0x08000286   0x08000286   0x0000001a   Code   RO         5454    .text               mc_w.l(memcmp.o)
    0x080002a0   0x080002a0   0x000000b0   Code   RO         5719    .text               mf_w.l(fadd.o)
    0x08000350   0x08000350   0x00000064   Code   RO         5721    .text               mf_w.l(fmul.o)
    0x080003b4   0x080003b4   0x0000007c   Code   RO         5723    .text               mf_w.l(fdiv.o)
    0x08000430   0x08000430   0x00000018   Code   RO         5725    .text               mf_w.l(fscalb.o)
    0x08000448   0x08000448   0x0000014e   Code   RO         5727    .text               mf_w.l(dadd.o)
    0x08000596   0x08000596   0x000000e4   Code   RO         5729    .text               mf_w.l(dmul.o)
    0x0800067a   0x0800067a   0x000000de   Code   RO         5731    .text               mf_w.l(ddiv.o)
    0x08000758   0x08000758   0x0000002e   Code   RO         5733    .text               mf_w.l(dscalb.o)
    0x08000786   0x08000786   0x00000012   Code   RO         5735    .text               mf_w.l(fflti.o)
    0x08000798   0x08000798   0x0000000a   Code   RO         5737    .text               mf_w.l(ffltui.o)
    0x080007a2   0x080007a2   0x00000022   Code   RO         5739    .text               mf_w.l(dflti.o)
    0x080007c4   0x080007c4   0x00000032   Code   RO         5741    .text               mf_w.l(ffixi.o)
    0x080007f6   0x080007f6   0x00000028   Code   RO         5743    .text               mf_w.l(ffixui.o)
    0x0800081e   0x0800081e   0x0000003e   Code   RO         5745    .text               mf_w.l(dfixi.o)
    0x0800085c   0x0800085c   0x00000032   Code   RO         5747    .text               mf_w.l(dfixui.o)
    0x0800088e   0x0800088e   0x00000026   Code   RO         5749    .text               mf_w.l(f2d.o)
    0x080008b4   0x080008b4   0x00000038   Code   RO         5751    .text               mf_w.l(d2f.o)
    0x080008ec   0x080008ec   0x00000062   Code   RO         5807    .text               mc_w.l(uldiv.o)
    0x0800094e   0x0800094e   0x0000001e   Code   RO         5809    .text               mc_w.l(llshl.o)
    0x0800096c   0x0800096c   0x00000024   Code   RO         5811    .text               mc_w.l(llsshr.o)
    0x08000990   0x08000990   0x00000000   Code   RO         5820    .text               mc_w.l(iusefp.o)
    0x08000990   0x08000990   0x0000006e   Code   RO         5821    .text               mf_w.l(fepilogue.o)
    0x080009fe   0x080009fe   0x000000ba   Code   RO         5823    .text               mf_w.l(depilogue.o)
    0x08000ab8   0x08000ab8   0x00000024   Code   RO         5829    .text               mc_w.l(init.o)
    0x08000adc   0x08000adc   0x000000a2   Code   RO         5831    .text               mf_w.l(dsqrt.o)
    0x08000b7e   0x08000b7e   0x00000056   Code   RO         5843    .text               mc_w.l(__dczerorl2.o)
    0x08000bd4   0x08000bd4   0x00000030   Code   RO         4718    i.BTData_Process    my_usart.o
    0x08000c04   0x08000c04   0x00000002   Code   RO          489    i.BusFault_Handler  stm32f1xx_it.o
    0x08000c06   0x08000c06   0x00000002   PAD
    0x08000c08   0x08000c08   0x000000f4   Code   RO         4543    i.Car_Task_100HZ    car_task.o
    0x08000cfc   0x08000cfc   0x00000010   Code   RO         4544    i.Car_Task_200HZ    car_task.o
    0x08000d0c   0x08000d0c   0x0000000c   Code   RO          490    i.DMA1_Channel2_IRQHandler  stm32f1xx_it.o
    0x08000d18   0x08000d18   0x0000000c   Code   RO          491    i.DMA1_Channel3_IRQHandler  stm32f1xx_it.o
    0x08000d24   0x08000d24   0x0000002a   Code   RO         1070    i.DMA_SetConfig     stm32f1xx_hal_dma.o
    0x08000d4e   0x08000d4e   0x00000002   Code   RO          492    i.DebugMon_Handler  stm32f1xx_it.o
    0x08000d50   0x08000d50   0x00000008   Code   RO          493    i.EXTI9_5_IRQHandler  stm32f1xx_it.o
    0x08000d58   0x08000d58   0x00000002   Code   RO           13    i.Error_Handler     main.o
    0x08000d5a   0x08000d5a   0x00000046   Code   RO         1071    i.HAL_DMA_Abort     stm32f1xx_hal_dma.o
    0x08000da0   0x08000da0   0x00000098   Code   RO         1072    i.HAL_DMA_Abort_IT  stm32f1xx_hal_dma.o
    0x08000e38   0x08000e38   0x00000154   Code   RO         1076    i.HAL_DMA_IRQHandler  stm32f1xx_hal_dma.o
    0x08000f8c   0x08000f8c   0x0000005c   Code   RO         1077    i.HAL_DMA_Init      stm32f1xx_hal_dma.o
    0x08000fe8   0x08000fe8   0x00000070   Code   RO         1081    i.HAL_DMA_Start_IT  stm32f1xx_hal_dma.o
    0x08001058   0x08001058   0x00000024   Code   RO          699    i.HAL_Delay         stm32f1xx_hal.o
    0x0800107c   0x0800107c   0x0000001c   Code   RO          494    i.HAL_GPIO_EXTI_Callback  stm32f1xx_it.o
    0x08001098   0x08001098   0x00000018   Code   RO         1006    i.HAL_GPIO_EXTI_IRQHandler  stm32f1xx_hal_gpio.o
    0x080010b0   0x080010b0   0x000001e0   Code   RO         1007    i.HAL_GPIO_Init     stm32f1xx_hal_gpio.o
    0x08001290   0x08001290   0x0000000a   Code   RO         1009    i.HAL_GPIO_ReadPin  stm32f1xx_hal_gpio.o
    0x0800129a   0x0800129a   0x0000000a   Code   RO         1011    i.HAL_GPIO_WritePin  stm32f1xx_hal_gpio.o
    0x080012a4   0x080012a4   0x0000000c   Code   RO          703    i.HAL_GetTick       stm32f1xx_hal.o
    0x080012b0   0x080012b0   0x00000010   Code   RO          709    i.HAL_IncTick       stm32f1xx_hal.o
    0x080012c0   0x080012c0   0x00000024   Code   RO          710    i.HAL_Init          stm32f1xx_hal.o
    0x080012e4   0x080012e4   0x00000074   Code   RO          617    i.HAL_InitTick      stm32f1xx_hal_timebase_tim.o
    0x08001358   0x08001358   0x00000048   Code   RO          593    i.HAL_MspInit       stm32f1xx_hal_msp.o
    0x080013a0   0x080013a0   0x0000001a   Code   RO         1167    i.HAL_NVIC_EnableIRQ  stm32f1xx_hal_cortex.o
    0x080013ba   0x080013ba   0x00000002   PAD
    0x080013bc   0x080013bc   0x00000040   Code   RO         1173    i.HAL_NVIC_SetPriority  stm32f1xx_hal_cortex.o
    0x080013fc   0x080013fc   0x00000024   Code   RO         1174    i.HAL_NVIC_SetPriorityGrouping  stm32f1xx_hal_cortex.o
    0x08001420   0x08001420   0x0000012c   Code   RO          867    i.HAL_RCC_ClockConfig  stm32f1xx_hal_rcc.o
    0x0800154c   0x0800154c   0x00000040   Code   RO          871    i.HAL_RCC_GetClockConfig  stm32f1xx_hal_rcc.o
    0x0800158c   0x0800158c   0x00000020   Code   RO          874    i.HAL_RCC_GetPCLK1Freq  stm32f1xx_hal_rcc.o
    0x080015ac   0x080015ac   0x00000020   Code   RO          875    i.HAL_RCC_GetPCLK2Freq  stm32f1xx_hal_rcc.o
    0x080015cc   0x080015cc   0x0000006c   Code   RO          876    i.HAL_RCC_GetSysClockFreq  stm32f1xx_hal_rcc.o
    0x08001638   0x08001638   0x00000320   Code   RO          879    i.HAL_RCC_OscConfig  stm32f1xx_hal_rcc.o
    0x08001958   0x08001958   0x00000002   Code   RO         2373    i.HAL_TIMEx_BreakCallback  stm32f1xx_hal_tim_ex.o
    0x0800195a   0x0800195a   0x00000002   Code   RO         2374    i.HAL_TIMEx_CommutCallback  stm32f1xx_hal_tim_ex.o
    0x0800195c   0x0800195c   0x00000068   Code   RO         2392    i.HAL_TIMEx_MasterConfigSynchronization  stm32f1xx_hal_tim_ex.o
    0x080019c4   0x080019c4   0x0000005a   Code   RO         1669    i.HAL_TIM_Base_Init  stm32f1xx_hal_tim.o
    0x08001a1e   0x08001a1e   0x00000002   Code   RO         1671    i.HAL_TIM_Base_MspInit  stm32f1xx_hal_tim.o
    0x08001a20   0x08001a20   0x00000058   Code   RO         1674    i.HAL_TIM_Base_Start_IT  stm32f1xx_hal_tim.o
    0x08001a78   0x08001a78   0x000000a4   Code   RO         1690    i.HAL_TIM_Encoder_Init  stm32f1xx_hal_tim.o
    0x08001b1c   0x08001b1c   0x0000008c   Code   RO          376    i.HAL_TIM_Encoder_MspInit  tim.o
    0x08001ba8   0x08001ba8   0x0000008e   Code   RO         1693    i.HAL_TIM_Encoder_Start  stm32f1xx_hal_tim.o
    0x08001c36   0x08001c36   0x00000002   Code   RO         1703    i.HAL_TIM_IC_CaptureCallback  stm32f1xx_hal_tim.o
    0x08001c38   0x08001c38   0x00000166   Code   RO         1717    i.HAL_TIM_IRQHandler  stm32f1xx_hal_tim.o
    0x08001d9e   0x08001d9e   0x00000002   PAD
    0x08001da0   0x08001da0   0x0000004c   Code   RO          377    i.HAL_TIM_MspPostInit  tim.o
    0x08001dec   0x08001dec   0x00000002   Code   RO         1720    i.HAL_TIM_OC_DelayElapsedCallback  stm32f1xx_hal_tim.o
    0x08001dee   0x08001dee   0x000000c6   Code   RO         1741    i.HAL_TIM_PWM_ConfigChannel  stm32f1xx_hal_tim.o
    0x08001eb4   0x08001eb4   0x0000005a   Code   RO         1744    i.HAL_TIM_PWM_Init  stm32f1xx_hal_tim.o
    0x08001f0e   0x08001f0e   0x00000002   PAD
    0x08001f10   0x08001f10   0x0000003c   Code   RO          379    i.HAL_TIM_PWM_MspInit  tim.o
    0x08001f4c   0x08001f4c   0x0000001c   Code   RO           14    i.HAL_TIM_PWM_PulseFinishedCallback  main.o
    0x08001f68   0x08001f68   0x0000009c   Code   RO         1749    i.HAL_TIM_PWM_Start  stm32f1xx_hal_tim.o
    0x08002004   0x08002004   0x000000c4   Code   RO         1751    i.HAL_TIM_PWM_Start_IT  stm32f1xx_hal_tim.o
    0x080020c8   0x080020c8   0x00000034   Code   RO           15    i.HAL_TIM_PeriodElapsedCallback  main.o
    0x080020fc   0x080020fc   0x00000002   Code   RO         1760    i.HAL_TIM_TriggerCallback  stm32f1xx_hal_tim.o
    0x080020fe   0x080020fe   0x00000002   Code   RO         2651    i.HAL_UARTEx_RxEventCallback  stm32f1xx_hal_uart.o
    0x08002100   0x08002100   0x00000058   Code   RO         2663    i.HAL_UART_DMAStop  stm32f1xx_hal_uart.o
    0x08002158   0x08002158   0x00000002   Code   RO         2665    i.HAL_UART_ErrorCallback  stm32f1xx_hal_uart.o
    0x0800215a   0x0800215a   0x00000002   PAD
    0x0800215c   0x0800215c   0x0000020c   Code   RO         2668    i.HAL_UART_IRQHandler  stm32f1xx_hal_uart.o
    0x08002368   0x08002368   0x00000062   Code   RO         2669    i.HAL_UART_Init     stm32f1xx_hal_uart.o
    0x080023ca   0x080023ca   0x00000002   PAD
    0x080023cc   0x080023cc   0x000000dc   Code   RO          448    i.HAL_UART_MspInit  usart.o
    0x080024a8   0x080024a8   0x0000002a   Code   RO         2673    i.HAL_UART_Receive_DMA  stm32f1xx_hal_uart.o
    0x080024d2   0x080024d2   0x00000002   Code   RO         2675    i.HAL_UART_RxCpltCallback  stm32f1xx_hal_uart.o
    0x080024d4   0x080024d4   0x00000002   Code   RO         2676    i.HAL_UART_RxHalfCpltCallback  stm32f1xx_hal_uart.o
    0x080024d6   0x080024d6   0x00000002   Code   RO         2680    i.HAL_UART_TxCpltCallback  stm32f1xx_hal_uart.o
    0x080024d8   0x080024d8   0x00000002   Code   RO          495    i.HardFault_Handler  stm32f1xx_it.o
    0x080024da   0x080024da   0x00000002   PAD
    0x080024dc   0x080024dc   0x00000048   Code   RO         4377    i.IIC_Ack           iic.o
    0x08002524   0x08002524   0x0000000c   Code   RO         4379    i.IIC_Delay         iic.o
    0x08002530   0x08002530   0x0000003c   Code   RO         4380    i.IIC_GPIO_Init     iic.o
    0x0800256c   0x0800256c   0x00000038   Code   RO         4381    i.IIC_NAck          iic.o
    0x080025a4   0x080025a4   0x00000064   Code   RO         4382    i.IIC_Read_Byte     iic.o
    0x08002608   0x08002608   0x00000068   Code   RO         4383    i.IIC_Send_Byte     iic.o
    0x08002670   0x08002670   0x00000044   Code   RO         4384    i.IIC_Start         iic.o
    0x080026b4   0x080026b4   0x00000034   Code   RO         4385    i.IIC_Stop          iic.o
    0x080026e8   0x080026e8   0x0000004c   Code   RO         4386    i.IIC_Wait_Ack      iic.o
    0x08002734   0x08002734   0x0000006c   Code   RO         4459    i.MPU_Read_Len      mpu6050.o
    0x080027a0   0x080027a0   0x00000052   Code   RO         4465    i.MPU_Write_Len     mpu6050.o
    0x080027f2   0x080027f2   0x00000002   PAD
    0x080027f4   0x080027f4   0x0000003c   Code   RO          267    i.MX_DMA_Init       dma.o
    0x08002830   0x08002830   0x0000003c   Code   RO          291    i.MX_FREERTOS_Init  freertos.o
    0x0800286c   0x0800286c   0x00000114   Code   RO          243    i.MX_GPIO_Init      gpio.o
    0x08002980   0x08002980   0x00000068   Code   RO          380    i.MX_TIM2_Init      tim.o
    0x080029e8   0x080029e8   0x000000a0   Code   RO          381    i.MX_TIM3_Init      tim.o
    0x08002a88   0x08002a88   0x0000006c   Code   RO          382    i.MX_TIM4_Init      tim.o
    0x08002af4   0x08002af4   0x00000038   Code   RO          449    i.MX_USART3_UART_Init  usart.o
    0x08002b2c   0x08002b2c   0x00000002   Code   RO          496    i.MemManage_Handler  stm32f1xx_it.o
    0x08002b2e   0x08002b2e   0x00000002   Code   RO          497    i.NMI_Handler       stm32f1xx_it.o
    0x08002b30   0x08002b30   0x00000006   Code   RO         5300    i.OLED_CLS          oled.o
    0x08002b36   0x08002b36   0x00000002   PAD
    0x08002b38   0x08002b38   0x00000038   Code   RO         5302    i.OLED_Fill         oled.o
    0x08002b70   0x08002b70   0x000000b4   Code   RO         5303    i.OLED_Init         oled.o
    0x08002c24   0x08002c24   0x00000026   Code   RO         5306    i.OLED_SetPos       oled.o
    0x08002c4a   0x08002c4a   0x00000002   PAD
    0x08002c4c   0x08002c4c   0x000000d8   Code   RO         5311    i.OLED_ShowStr      oled.o
    0x08002d24   0x08002d24   0x0000002a   Code   RO         4619    i.PWM_Limiting      contrl.o
    0x08002d4e   0x08002d4e   0x00000002   PAD
    0x08002d50   0x08002d50   0x00000028   Code   RO         4620    i.Read_Encoder      contrl.o
    0x08002d78   0x08002d78   0x000000d0   Code   RO         4621    i.Set_PWM           contrl.o
    0x08002e48   0x08002e48   0x0000000c   Code   RO          292    i.StartTask_100HZ   freertos.o
    0x08002e54   0x08002e54   0x00000074   Code   RO          293    i.StartTask_200HZ   freertos.o
    0x08002ec8   0x08002ec8   0x0000002c   Code   RO         4223    i.SysTick_Handler   port.o
    0x08002ef4   0x08002ef4   0x0000004e   Code   RO           16    i.SystemClock_Config  main.o
    0x08002f42   0x08002f42   0x00000002   Code   RO         2998    i.SystemInit        system_stm32f1xx.o
    0x08002f44   0x08002f44   0x0000000c   Code   RO          498    i.TIM1_UP_IRQHandler  stm32f1xx_it.o
    0x08002f50   0x08002f50   0x0000000c   Code   RO          499    i.TIM3_IRQHandler   stm32f1xx_it.o
    0x08002f5c   0x08002f5c   0x0000006c   Code   RO         1762    i.TIM_Base_SetConfig  stm32f1xx_hal_tim.o
    0x08002fc8   0x08002fc8   0x0000001a   Code   RO         1763    i.TIM_CCxChannelCmd  stm32f1xx_hal_tim.o
    0x08002fe2   0x08002fe2   0x00000002   PAD
    0x08002fe4   0x08002fe4   0x00000050   Code   RO         1775    i.TIM_OC1_SetConfig  stm32f1xx_hal_tim.o
    0x08003034   0x08003034   0x00000058   Code   RO         1776    i.TIM_OC2_SetConfig  stm32f1xx_hal_tim.o
    0x0800308c   0x0800308c   0x00000058   Code   RO         1777    i.TIM_OC3_SetConfig  stm32f1xx_hal_tim.o
    0x080030e4   0x080030e4   0x00000044   Code   RO         1778    i.TIM_OC4_SetConfig  stm32f1xx_hal_tim.o
    0x08003128   0x08003128   0x0000003c   Code   RO         4622    i.Turn_off          contrl.o
    0x08003164   0x08003164   0x00000010   Code   RO         2682    i.UART_DMAAbortOnError  stm32f1xx_hal_uart.o
    0x08003174   0x08003174   0x0000004a   Code   RO         2683    i.UART_DMAError     stm32f1xx_hal_uart.o
    0x080031be   0x080031be   0x0000005a   Code   RO         2684    i.UART_DMAReceiveCplt  stm32f1xx_hal_uart.o
    0x08003218   0x08003218   0x0000001a   Code   RO         2686    i.UART_DMARxHalfCplt  stm32f1xx_hal_uart.o
    0x08003232   0x08003232   0x00000030   Code   RO         2692    i.UART_EndRxTransfer  stm32f1xx_hal_uart.o
    0x08003262   0x08003262   0x00000012   Code   RO         2693    i.UART_EndTxTransfer  stm32f1xx_hal_uart.o
    0x08003274   0x08003274   0x000000b6   Code   RO         2694    i.UART_Receive_IT   stm32f1xx_hal_uart.o
    0x0800332a   0x0800332a   0x00000002   PAD
    0x0800332c   0x0800332c   0x000000b8   Code   RO         2695    i.UART_SetConfig    stm32f1xx_hal_uart.o
    0x080033e4   0x080033e4   0x00000070   Code   RO         2696    i.UART_Start_Receive_DMA  stm32f1xx_hal_uart.o
    0x08003454   0x08003454   0x00000058   Code   RO          500    i.USART3_IRQHandler  stm32f1xx_it.o
    0x080034ac   0x080034ac   0x00000002   Code   RO          501    i.UsageFault_Handler  stm32f1xx_it.o
    0x080034ae   0x080034ae   0x00000028   Code   RO         4719    i.User_USART_Init   my_usart.o
    0x080034d6   0x080034d6   0x00000002   PAD
    0x080034d8   0x080034d8   0x00000038   Code   RO         4623    i.Vertical_Ring_PD  contrl.o
    0x08003510   0x08003510   0x000000d0   Code   RO         4624    i.Vertical_speed_PI  contrl.o
    0x080035e0   0x080035e0   0x00000034   Code   RO         4625    i.Vertical_turn_PD  contrl.o
    0x08003614   0x08003614   0x00000010   Code   RO         5312    i.WriteCmd          oled.o
    0x08003624   0x08003624   0x00000010   Code   RO         5313    i.WriteDat          oled.o
    0x08003634   0x08003634   0x00000020   Code   RO         5665    i.__0printf$8       mc_w.l(printf8.o)
    0x08003654   0x08003654   0x00000028   Code   RO         5777    i.__ARM_fpclassify  m_ws.l(fpclassify.o)
    0x0800367c   0x0800367c   0x00000020   Code   RO         1180    i.__NVIC_SetPriority  stm32f1xx_hal_cortex.o
    0x0800369c   0x0800369c   0x000000aa   Code   RO         5779    i.__kernel_poly     m_ws.l(poly.o)
    0x08003746   0x08003746   0x00000006   Code   RO         5764    i.__mathlib_dbl_infnan  m_ws.l(dunder.o)
    0x0800374c   0x0800374c   0x00000004   Code   RO         5765    i.__mathlib_dbl_infnan2  m_ws.l(dunder.o)
    0x08003750   0x08003750   0x0000000c   Code   RO         5766    i.__mathlib_dbl_invalid  m_ws.l(dunder.o)
    0x0800375c   0x0800375c   0x00000010   Code   RO         5769    i.__mathlib_dbl_underflow  m_ws.l(dunder.o)
    0x0800376c   0x0800376c   0x0000000e   Code   RO         5837    i.__scatterload_copy  mc_w.l(handlers.o)
    0x0800377a   0x0800377a   0x00000002   Code   RO         5838    i.__scatterload_null  mc_w.l(handlers.o)
    0x0800377c   0x0800377c   0x0000000e   Code   RO         5839    i.__scatterload_zeroinit  mc_w.l(handlers.o)
    0x0800378a   0x0800378a   0x00000002   PAD
    0x0800378c   0x0800378c   0x0000000c   Code   RO         5815    i.__set_errno       mc_w.l(errno.o)
    0x08003798   0x08003798   0x00000410   Code   RO         5672    i._printf_core      mc_w.l(printf8.o)
    0x08003ba8   0x08003ba8   0x00000024   Code   RO         5673    i._printf_post_padding  mc_w.l(printf8.o)
    0x08003bcc   0x08003bcc   0x0000002e   Code   RO         5674    i._printf_pre_padding  mc_w.l(printf8.o)
    0x08003bfa   0x08003bfa   0x00000002   PAD
    0x08003bfc   0x08003bfc   0x00000080   Code   RO         4760    i.accel_self_test   inv_mpu.o
    0x08003c7c   0x08003c7c   0x00000270   Code   RO         5424    i.asin              m_ws.l(asin.o)
    0x08003eec   0x08003eec   0x00000220   Code   RO         5754    i.atan              m_ws.l(atan.o)
    0x0800410c   0x0800410c   0x00000180   Code   RO         5434    i.atan2             m_ws.l(atan2.o)
    0x0800428c   0x0800428c   0x0000001c   Code   RO         4547    i.diaodian          car_task.o
    0x080042a8   0x080042a8   0x0000003a   Code   RO         5115    i.dmp_enable_6x_lp_quat  inv_mpu_dmp_motion_driver.o
    0x080042e2   0x080042e2   0x00000002   PAD
    0x080042e4   0x080042e4   0x000001d8   Code   RO         5116    i.dmp_enable_feature  inv_mpu_dmp_motion_driver.o
    0x080044bc   0x080044bc   0x0000003c   Code   RO         5117    i.dmp_enable_gyro_cal  inv_mpu_dmp_motion_driver.o
    0x080044f8   0x080044f8   0x0000003a   Code   RO         5118    i.dmp_enable_lp_quat  inv_mpu_dmp_motion_driver.o
    0x08004532   0x08004532   0x00000002   PAD
    0x08004534   0x08004534   0x00000014   Code   RO         5123    i.dmp_load_motion_driver_firmware  inv_mpu_dmp_motion_driver.o
    0x08004548   0x08004548   0x00000144   Code   RO         5124    i.dmp_read_fifo     inv_mpu_dmp_motion_driver.o
    0x0800468c   0x0800468c   0x000000d8   Code   RO         5127    i.dmp_set_accel_bias  inv_mpu_dmp_motion_driver.o
    0x08004764   0x08004764   0x00000064   Code   RO         5128    i.dmp_set_fifo_rate  inv_mpu_dmp_motion_driver.o
    0x080047c8   0x080047c8   0x000000cc   Code   RO         5129    i.dmp_set_gyro_bias  inv_mpu_dmp_motion_driver.o
    0x08004894   0x08004894   0x0000010c   Code   RO         5131    i.dmp_set_orientation  inv_mpu_dmp_motion_driver.o
    0x080049a0   0x080049a0   0x00000030   Code   RO         5134    i.dmp_set_shake_reject_thresh  inv_mpu_dmp_motion_driver.o
    0x080049d0   0x080049d0   0x00000020   Code   RO         5135    i.dmp_set_shake_reject_time  inv_mpu_dmp_motion_driver.o
    0x080049f0   0x080049f0   0x00000020   Code   RO         5136    i.dmp_set_shake_reject_timeout  inv_mpu_dmp_motion_driver.o
    0x08004a10   0x08004a10   0x00000040   Code   RO         5137    i.dmp_set_tap_axes  inv_mpu_dmp_motion_driver.o
    0x08004a50   0x08004a50   0x00000022   Code   RO         5138    i.dmp_set_tap_count  inv_mpu_dmp_motion_driver.o
    0x08004a72   0x08004a72   0x00000002   PAD
    0x08004a74   0x08004a74   0x00000128   Code   RO         5139    i.dmp_set_tap_thresh  inv_mpu_dmp_motion_driver.o
    0x08004b9c   0x08004b9c   0x00000020   Code   RO         5140    i.dmp_set_tap_time  inv_mpu_dmp_motion_driver.o
    0x08004bbc   0x08004bbc   0x00000020   Code   RO         5141    i.dmp_set_tap_time_multi  inv_mpu_dmp_motion_driver.o
    0x08004bdc   0x08004bdc   0x00000014   Code   RO           18    i.fputc             main.o
    0x08004bf0   0x08004bf0   0x000000ac   Code   RO         4761    i.get_accel_prod_shift  inv_mpu.o
    0x08004c9c   0x08004c9c   0x00000314   Code   RO         4762    i.get_st_biases     inv_mpu.o
    0x08004fb0   0x08004fb0   0x000000d4   Code   RO         4763    i.gyro_self_test    inv_mpu.o
    0x08005084   0x08005084   0x00000022   Code   RO         4764    i.inv_orientation_matrix_to_scalar  inv_mpu.o
    0x080050a6   0x080050a6   0x00000048   Code   RO         4765    i.inv_row_2_scale   inv_mpu.o
    0x080050ee   0x080050ee   0x00000002   PAD
    0x080050f0   0x080050f0   0x000000c4   Code   RO           19    i.main              main.o
    0x080051b4   0x080051b4   0x0000000c   Code   RO         3794    i.makeFreeRtosPriority  cmsis_os.o
    0x080051c0   0x080051c0   0x00000002   Code   RO         4766    i.mget_ms           inv_mpu.o
    0x080051c2   0x080051c2   0x00000002   PAD
    0x080051c4   0x080051c4   0x00000054   Code   RO         4767    i.mpu_configure_fifo  inv_mpu.o
    0x08005218   0x08005218   0x000001c8   Code   RO         4768    i.mpu_dmp_get_data  inv_mpu.o
    0x080053e0   0x080053e0   0x000000a4   Code   RO         4769    i.mpu_dmp_init      inv_mpu.o
    0x08005484   0x08005484   0x0000003c   Code   RO         4770    i.mpu_get_accel_fsr  inv_mpu.o
    0x080054c0   0x080054c0   0x00000044   Code   RO         4772    i.mpu_get_accel_sens  inv_mpu.o
    0x08005504   0x08005504   0x00000034   Code   RO         4778    i.mpu_get_gyro_fsr  inv_mpu.o
    0x08005538   0x08005538   0x00000040   Code   RO         4780    i.mpu_get_gyro_sens  inv_mpu.o
    0x08005578   0x08005578   0x00000038   Code   RO         4782    i.mpu_get_lpf       inv_mpu.o
    0x080055b0   0x080055b0   0x0000001c   Code   RO         4784    i.mpu_get_sample_rate  inv_mpu.o
    0x080055cc   0x080055cc   0x00000188   Code   RO         4786    i.mpu_init          inv_mpu.o
    0x08005754   0x08005754   0x000000a0   Code   RO         4787    i.mpu_load_firmware  inv_mpu.o
    0x080057f4   0x080057f4   0x000000b8   Code   RO         4788    i.mpu_lp_accel_mode  inv_mpu.o
    0x080058ac   0x080058ac   0x00000090   Code   RO         4791    i.mpu_read_fifo_stream  inv_mpu.o
    0x0800593c   0x0800593c   0x00000054   Code   RO         4792    i.mpu_read_mem      inv_mpu.o
    0x08005990   0x08005990   0x00000160   Code   RO         4795    i.mpu_reset_fifo    inv_mpu.o
    0x08005af0   0x08005af0   0x000000f0   Code   RO         4796    i.mpu_run_self_test  inv_mpu.o
    0x08005be0   0x08005be0   0x00000068   Code   RO         4798    i.mpu_set_accel_fsr  inv_mpu.o
    0x08005c48   0x08005c48   0x000000dc   Code   RO         4799    i.mpu_set_bypass    inv_mpu.o
    0x08005d24   0x08005d24   0x00000078   Code   RO         4801    i.mpu_set_dmp_state  inv_mpu.o
    0x08005d9c   0x08005d9c   0x0000006c   Code   RO         4802    i.mpu_set_gyro_fsr  inv_mpu.o
    0x08005e08   0x08005e08   0x00000064   Code   RO         4803    i.mpu_set_int_latched  inv_mpu.o
    0x08005e6c   0x08005e6c   0x0000006c   Code   RO         4805    i.mpu_set_lpf       inv_mpu.o
    0x08005ed8   0x08005ed8   0x00000080   Code   RO         4806    i.mpu_set_sample_rate  inv_mpu.o
    0x08005f58   0x08005f58   0x000000b8   Code   RO         4807    i.mpu_set_sensors   inv_mpu.o
    0x08006010   0x08006010   0x00000054   Code   RO         4808    i.mpu_write_mem     inv_mpu.o
    0x08006064   0x08006064   0x0000000e   Code   RO         3796    i.osDelay           cmsis_os.o
    0x08006072   0x08006072   0x0000000a   Code   RO         3799    i.osKernelStart     cmsis_os.o
    0x0800607c   0x0800607c   0x00000054   Code   RO         3833    i.osThreadCreate    cmsis_os.o
    0x080060d0   0x080060d0   0x0000003c   Code   RO         4549    i.outner            car_task.o
    0x0800610c   0x0800610c   0x00000070   Code   RO         3491    i.prvAddCurrentTaskToDelayedList  tasks.o
    0x0800617c   0x0800617c   0x000000d0   Code   RO         3492    i.prvAddNewTaskToReadyList  tasks.o
    0x0800624c   0x0800624c   0x00000034   Code   RO         3493    i.prvDeleteTCB      tasks.o
    0x08006280   0x08006280   0x00000048   Code   RO         4161    i.prvHeapInit       heap_4.o
    0x080062c8   0x080062c8   0x00000060   Code   RO         3494    i.prvIdleTask       tasks.o
    0x08006328   0x08006328   0x0000008e   Code   RO         3495    i.prvInitialiseNewTask  tasks.o
    0x080063b6   0x080063b6   0x00000002   PAD
    0x080063b8   0x080063b8   0x0000004c   Code   RO         4162    i.prvInsertBlockIntoFreeList  heap_4.o
    0x08006404   0x08006404   0x00000020   Code   RO         3496    i.prvResetNextTaskUnblockTime  tasks.o
    0x08006424   0x08006424   0x00000028   Code   RO         4224    i.prvTaskExitError  port.o
    0x0800644c   0x0800644c   0x000000d8   Code   RO         4163    i.pvPortMalloc      heap_4.o
    0x08006524   0x08006524   0x00000024   Code   RO         4225    i.pxPortInitialiseStack  port.o
    0x08006548   0x08006548   0x00000076   Code   RO         4809    i.run_self_test     inv_mpu.o
    0x080065be   0x080065be   0x00000002   PAD
    0x080065c0   0x080065c0   0x00000058   Code   RO         4810    i.set_int_enable    inv_mpu.o
    0x08006618   0x08006618   0x0000004c   Code   RO         5783    i.sqrt              m_ws.l(sqrt.o)
    0x08006664   0x08006664   0x00000026   Code   RO         3136    i.uxListRemove      list.o
    0x0800668a   0x0800668a   0x00000002   PAD
    0x0800668c   0x0800668c   0x00000014   Code   RO          295    i.vApplicationGetIdleTaskMemory  freertos.o
    0x080066a0   0x080066a0   0x00000016   Code   RO         3137    i.vListInitialise   list.o
    0x080066b6   0x080066b6   0x00000006   Code   RO         3138    i.vListInitialiseItem  list.o
    0x080066bc   0x080066bc   0x00000030   Code   RO         3139    i.vListInsert       list.o
    0x080066ec   0x080066ec   0x00000018   Code   RO         3140    i.vListInsertEnd    list.o
    0x08006704   0x08006704   0x00000040   Code   RO         4227    i.vPortEnterCritical  port.o
    0x08006744   0x08006744   0x00000028   Code   RO         4228    i.vPortExitCritical  port.o
    0x0800676c   0x0800676c   0x0000005c   Code   RO         4164    i.vPortFree         heap_4.o
    0x080067c8   0x080067c8   0x00000024   Code   RO         4229    i.vPortSetupTimerInterrupt  port.o
    0x080067ec   0x080067ec   0x0000004c   Code   RO         3504    i.vTaskDelay        tasks.o
    0x08006838   0x08006838   0x0000006c   Code   RO         3517    i.vTaskStartScheduler  tasks.o
    0x080068a4   0x080068a4   0x00000010   Code   RO         3519    i.vTaskSuspendAll   tasks.o
    0x080068b4   0x080068b4   0x0000005c   Code   RO         3520    i.vTaskSwitchContext  tasks.o
    0x08006910   0x08006910   0x000000a8   Code   RO         4231    i.xPortStartScheduler  port.o
    0x080069b8   0x080069b8   0x0000005a   Code   RO         3522    i.xTaskCreate       tasks.o
    0x08006a12   0x08006a12   0x00000056   Code   RO         3523    i.xTaskCreateStatic  tasks.o
    0x08006a68   0x08006a68   0x000000c8   Code   RO         3530    i.xTaskIncrementTick  tasks.o
    0x08006b30   0x08006b30   0x000000c4   Code   RO         3536    i.xTaskResumeAll    tasks.o
    0x08006bf4   0x08006bf4   0x00000020   Code   RO         4550    i.xunji             car_task.o
    0x08006c14   0x08006c14   0x00000038   Data   RO          297    .constdata          freertos.o
    0x08006c4c   0x08006c4c   0x00000010   Data   RO         2999    .constdata          system_stm32f1xx.o
    0x08006c5c   0x08006c5c   0x00000008   Data   RO         3000    .constdata          system_stm32f1xx.o
    0x08006c64   0x08006c64   0x0000001b   Data   RO         4812    .constdata          inv_mpu.o
    0x08006c7f   0x08006c7f   0x00000001   PAD
    0x08006c80   0x08006c80   0x0000000c   Data   RO         4813    .constdata          inv_mpu.o
    0x08006c8c   0x08006c8c   0x00000028   Data   RO         4814    .constdata          inv_mpu.o
    0x08006cb4   0x08006cb4   0x00000bf6   Data   RO         5143    .constdata          inv_mpu_dmp_motion_driver.o
    0x080078aa   0x080078aa   0x00000818   Data   RO         5315    .constdata          oled.o
    0x080080c2   0x080080c2   0x00000006   PAD
    0x080080c8   0x080080c8   0x00000050   Data   RO         5425    .constdata          m_ws.l(asin.o)
    0x08008118   0x08008118   0x00000098   Data   RO         5755    .constdata          m_ws.l(atan.o)
    0x080081b0   0x080081b0   0x00000008   Data   RO         5781    .constdata          m_ws.l(qnan.o)
    0x080081b8   0x080081b8   0x00000017   Data   RO          298    .conststring        freertos.o
    0x080081cf   0x080081cf   0x00000001   PAD
    0x080081d0   0x080081d0   0x0000004d   Data   RO         4815    .conststring        inv_mpu.o
    0x0800821d   0x0800821d   0x00000003   PAD
    0x08008220   0x08008220   0x00000020   Data   RO         5835    Region$$Table       anon$$obj.o


    Execution Region RW_IRAM1 (Exec base: 0x20000000, Load base: 0x08008240, Size: 0x000031e8, Max: 0x00005000, ABSOLUTE, COMPRESSED[0x00000038])

    Exec Addr    Load Addr    Size         Type   Attr      Idx    E Section Name        Object

    0x20000000   COMPRESSED   0x00000008   Data   RW          299    .data               freertos.o
    0x20000008   COMPRESSED   0x00000001   Data   RW          502    .data               stm32f1xx_it.o
    0x20000009   COMPRESSED   0x00000003   PAD
    0x2000000c   COMPRESSED   0x0000000c   Data   RW          717    .data               stm32f1xx_hal.o
    0x20000018   COMPRESSED   0x00000004   Data   RW         3001    .data               system_stm32f1xx.o
    0x2000001c   COMPRESSED   0x0000003c   Data   RW         3539    .data               tasks.o
    0x20000058   COMPRESSED   0x00000018   Data   RW         4169    .data               heap_4.o
    0x20000070   COMPRESSED   0x0000000c   Data   RW         4232    .data               port.o
    0x2000007c   COMPRESSED   0x00000034   Data   RW         4552    .data               car_task.o
    0x200000b0   COMPRESSED   0x0000003c   Data   RW         4631    .data               contrl.o
    0x200000ec   COMPRESSED   0x00000035   Data   RW         4816    .data               inv_mpu.o
    0x20000121   COMPRESSED   0x00000003   PAD
    0x20000124   COMPRESSED   0x00000004   Data   RW         5804    .data               mc_w.l(stdout.o)
    0x20000128   COMPRESSED   0x00000004   Data   RW         5816    .data               mc_w.l(errno.o)
    0x2000012c        -       0x00000254   Zero   RW          296    .bss                freertos.o
    0x20000380        -       0x000000d8   Zero   RW          383    .bss                tim.o
    0x20000458        -       0x000000cc   Zero   RW          450    .bss                usart.o
    0x20000524        -       0x00000048   Zero   RW          620    .bss                stm32f1xx_hal_timebase_tim.o
    0x2000056c        -       0x000000f0   Zero   RW         3538    .bss                tasks.o
    0x2000065c        -       0x00002710   Zero   RW         4168    .bss                heap_4.o
    0x20002d6c        -       0x00000018   Zero   RW         4551    .bss                car_task.o
    0x20002d84        -       0x00000050   Zero   RW         4720    .bss                my_usart.o
    0x20002dd4        -       0x00000010   Zero   RW         5142    .bss                inv_mpu_dmp_motion_driver.o
    0x20002de4   COMPRESSED   0x00000004   PAD
    0x20002de8        -       0x00000400   Zero   RW            1    STACK               startup_stm32f103xb.o


==============================================================================

Image component sizes


      Code (inc. data)   RO Data    RW Data    ZI Data      Debug   Object Name

       380         62          0         52         24       4529   car_task.o
       120          0          0          0          0      23001   cmsis_os.o
       666         78          0         60          0       6164   contrl.o
        60          4          0          0          0        886   dma.o
         0          0          0          0          0      18472   event_groups.o
       208         44         79          8        596       3751   freertos.o
       276         20          0          0          0       1139   gpio.o
       456         22          0         24      10000       7731   heap_4.o
       600         44          0          0          0       6231   iic.o
      5358        296        156         53          0      32454   inv_mpu.o
      2350        118       3062          0         16      20850   inv_mpu_dmp_motion_driver.o
       138          0          0          0          0       3822   list.o
       376         82          0          0          0     464568   main.o
       190          0          0          0          0       2344   mpu6050.o
        88          4          0          0         80       2589   my_usart.o
       528          8       2072          0          0       5732   oled.o
       578         60          0         12          0      11104   port.o
        36          8        236          0       1024        860   startup_stm32f103xb.o
       100         18          0         12          0       5730   stm32f1xx_hal.o
       158         14          0          0          0      28538   stm32f1xx_hal_cortex.o
       808         36          0          0          0       5482   stm32f1xx_hal_dma.o
       524         40          0          0          0       4462   stm32f1xx_hal_gpio.o
        72         10          0          0          0        986   stm32f1xx_hal_msp.o
      1336        110          0          0          0       6317   stm32f1xx_hal_rcc.o
      1948         70          0          0          0      16417   stm32f1xx_hal_tim.o
       108         12          0          0          0       2657   stm32f1xx_hal_tim_ex.o
       116         18          0          0         72       1607   stm32f1xx_hal_timebase_tim.o
      1512         24          0          0          0      13949   stm32f1xx_hal_uart.o
       184         42          0          1          0       7784   stm32f1xx_it.o
         0          0          0          0          0        392   stream_buffer.o
         2          0         24          4          0       1303   system_stm32f1xx.o
      1506        110          0         60        240      17242   tasks.o
       648         66          0          0        216       4759   tim.o
       276         30          0          0        204       2160   usart.o

    ----------------------------------------------------------------------
     21752       1450       5672        292      12476     736012   Object Totals
         0          0         32          0          0          0   (incl. Generated)
        46          0         11          6          4          0   (incl. Padding)

    ----------------------------------------------------------------------

      Code (inc. data)   RO Data    RW Data    ZI Data      Debug   Library Member Name

       624         52         80          0          0        168   asin.o
       544         70        152          0          0        124   atan.o
       384         38          0          0          0        144   atan2.o
        38          6          0          0          0        272   dunder.o
        40          0          0          0          0         68   fpclassify.o
       170          0          0          0          0         96   poly.o
         0          0          8          0          0          0   qnan.o
        76          0          0          0          0         84   sqrt.o
        86          0          0          0          0          0   __dczerorl2.o
         0          0          0          0          0          0   entry.o
         0          0          0          0          0          0   entry10a.o
         0          0          0          0          0          0   entry11a.o
         8          4          0          0          0          0   entry2.o
         4          0          0          0          0          0   entry5.o
         0          0          0          0          0          0   entry7b.o
         0          0          0          0          0          0   entry8b.o
         8          4          0          0          0          0   entry9a.o
        12          6          0          4          0         68   errno.o
        30          0          0          0          0          0   handlers.o
        36          8          0          0          0         68   init.o
         0          0          0          0          0          0   iusefp.o
        98          0          0          0          0         84   ldiv.o
        30          0          0          0          0         68   llshl.o
        36          0          0          0          0         68   llsshr.o
        32          0          0          0          0         68   llushr.o
        26          0          0          0          0         80   memcmp.o
        36          0          0          0          0         68   memcpya.o
        36          0          0          0          0        108   memseta.o
      1154         54          0          0          0        352   printf8.o
         0          0          0          4          0          0   stdout.o
        98          0          0          0          0         92   uldiv.o
        56          0          0          0          0         88   d2f.o
       334          0          0          0          0        148   dadd.o
       222          0          0          0          0        100   ddiv.o
       186          0          0          0          0        176   depilogue.o
        62          0          0          0          0         80   dfixi.o
        50          0          0          0          0         76   dfixui.o
        34          0          0          0          0         76   dflti.o
       228          0          0          0          0         96   dmul.o
        46          0          0          0          0         80   dscalb.o
       162          0          0          0          0        100   dsqrt.o
        38          0          0          0          0         68   f2d.o
       176          0          0          0          0        140   fadd.o
       124          0          0          0          0         88   fdiv.o
       110          0          0          0          0        168   fepilogue.o
        50          0          0          0          0         68   ffixi.o
        40          0          0          0          0         68   ffixui.o
        18          0          0          0          0         68   fflti.o
        10          0          0          0          0         68   ffltui.o
       100          0          0          0          0         76   fmul.o
        24          0          0          0          0         68   fscalb.o

    ----------------------------------------------------------------------
      5680        242        240          8          0       3980   Library Totals
         4          0          0          0          0          0   (incl. Padding)

    ----------------------------------------------------------------------

      Code (inc. data)   RO Data    RW Data    ZI Data      Debug   Library Name

      1876        166        240          0          0        956   m_ws.l
      1730         76          0          8          0       1124   mc_w.l
      2070          0          0          0          0       1900   mf_w.l

    ----------------------------------------------------------------------
      5680        242        240          8          0       3980   Library Totals

    ----------------------------------------------------------------------

==============================================================================


      Code (inc. data)   RO Data    RW Data    ZI Data      Debug   

     27432       1692       5912        300      12476     726808   Grand Totals
     27432       1692       5912         56      12476     726808   ELF Image Totals (compressed)
     27432       1692       5912         56          0          0   ROM Totals

==============================================================================

    Total RO  Size (Code + RO Data)                33344 (  32.56kB)
    Total RW  Size (RW Data + ZI Data)             12776 (  12.48kB)
    Total ROM Size (Code + RO Data + RW Data)      33400 (  32.62kB)

==============================================================================

